Component: ARM Compiler 5.06 update 6 (build 750) Tool: armlink [4d35ed]

==============================================================================

Section Cross References

    main.o(i.BlinkyButton_ctor) refers to freeact.o(i.Active_ctor) for Active_ctor
    main.o(i.BlinkyButton_ctor) refers to freeact.o(i.TimeEvent_ctor) for TimeEvent_ctor
    main.o(i.BlinkyButton_ctor) refers to main.o(i.BlinkyButton_dispatch) for BlinkyButton_dispatch
    main.o(i.BlinkyButton_dispatch) refers to bsp.o(i.BSP_led0_on) for BSP_led0_on
    main.o(i.BlinkyButton_dispatch) refers to freeact.o(i.TimeEvent_arm) for TimeEvent_arm
    main.o(i.BlinkyButton_dispatch) refers to bsp.o(i.BSP_led0_off) for BSP_led0_off
    main.o(i.BlinkyButton_dispatch) refers to bsp.o(i.BSP_led1_on) for BSP_led1_on
    main.o(i.BlinkyButton_dispatch) refers to bsp.o(i.BSP_led2_off) for BSP_led2_off
    main.o(i.BlinkyButton_dispatch) refers to bsp.o(i.BSP_led1_off) for BSP_led1_off
    main.o(i.BlinkyButton_dispatch) refers to bsp.o(i.BSP_led2_on) for BSP_led2_on
    main.o(i.main) refers to bsp.o(i.BSP_init) for BSP_init
    main.o(i.main) refers to main.o(i.BlinkyButton_ctor) for BlinkyButton_ctor
    main.o(i.main) refers to freeact.o(i.Active_start) for Active_start
    main.o(i.main) refers to bsp.o(i.BSP_start) for BSP_start
    main.o(i.main) refers to tasks.o(i.vTaskStartScheduler) for vTaskStartScheduler
    main.o(i.main) refers to main.o(.bss) for blinkyButton
    main.o(i.main) refers to main.o(.data) for AO_blinkyButton
    main.o(.data) refers to main.o(.bss) for blinkyButton
    clock.o(i.SystemClock_Config) refers to rt_memclr_w.o(.text) for __aeabi_memclr4
    clock.o(i.SystemClock_Config) refers to stm32f4xx_hal_rcc.o(i.HAL_RCC_OscConfig) for HAL_RCC_OscConfig
    clock.o(i.SystemClock_Config) refers to stm32f4xx_hal_rcc.o(i.HAL_RCC_ClockConfig) for HAL_RCC_ClockConfig
    bsp.o(i.BSP_init) refers to leds.o(i.LEDS_init) for LEDS_init
    bsp.o(i.BSP_led0_off) refers to stm32f4xx_hal_gpio.o(i.HAL_GPIO_WritePin) for HAL_GPIO_WritePin
    bsp.o(i.BSP_led0_on) refers to stm32f4xx_hal_gpio.o(i.HAL_GPIO_WritePin) for HAL_GPIO_WritePin
    bsp.o(i.BSP_led0_toggle) refers to stm32f4xx_hal_gpio.o(i.HAL_GPIO_TogglePin) for HAL_GPIO_TogglePin
    bsp.o(i.BSP_led1_off) refers to stm32f4xx_hal_gpio.o(i.HAL_GPIO_WritePin) for HAL_GPIO_WritePin
    bsp.o(i.BSP_led1_on) refers to stm32f4xx_hal_gpio.o(i.HAL_GPIO_WritePin) for HAL_GPIO_WritePin
    bsp.o(i.BSP_led1_toggle) refers to stm32f4xx_hal_gpio.o(i.HAL_GPIO_TogglePin) for HAL_GPIO_TogglePin
    bsp.o(i.BSP_led2_off) refers to stm32f4xx_hal_gpio.o(i.HAL_GPIO_WritePin) for HAL_GPIO_WritePin
    bsp.o(i.BSP_led2_on) refers to stm32f4xx_hal_gpio.o(i.HAL_GPIO_WritePin) for HAL_GPIO_WritePin
    bsp.o(i.BSP_led2_toggle) refers to stm32f4xx_hal_gpio.o(i.HAL_GPIO_TogglePin) for HAL_GPIO_TogglePin
    bsp.o(i.Q_onAssert) refers to stm32f4xx_hal_gpio.o(i.HAL_GPIO_WritePin) for HAL_GPIO_WritePin
    bsp.o(i.vApplicationGetIdleTaskMemory) refers to bsp.o(.bss) for xIdleTaskTCB
    bsp.o(i.vApplicationTickHook) refers to freeact.o(i.TimeEvent_tickFromISR) for TimeEvent_tickFromISR
    bsp.o(i.vApplicationTickHook) refers to stm32f4xx_hal_gpio.o(i.HAL_GPIO_ReadPin) for HAL_GPIO_ReadPin
    bsp.o(i.vApplicationTickHook) refers to freeact.o(i.Active_postFromISR) for Active_postFromISR
    bsp.o(i.vApplicationTickHook) refers to bsp.o(.data) for buttons
    bsp.o(i.vApplicationTickHook) refers to bsp.o(.constdata) for buttonPressedEvt
    bsp.o(i.vApplicationTickHook) refers to main.o(.data) for AO_blinkyButton
    leds.o(i.GREEN_toggle) refers to stm32f4xx_hal_gpio.o(i.HAL_GPIO_TogglePin) for HAL_GPIO_TogglePin
    leds.o(i.LEDS_init) refers to rt_memclr_w.o(.text) for __aeabi_memclr4
    leds.o(i.LEDS_init) refers to stm32f4xx_hal_gpio.o(i.HAL_GPIO_WritePin) for HAL_GPIO_WritePin
    leds.o(i.LEDS_init) refers to stm32f4xx_hal_gpio.o(i.HAL_GPIO_Init) for HAL_GPIO_Init
    leds.o(i.RED_toggle) refers to stm32f4xx_hal_gpio.o(i.HAL_GPIO_TogglePin) for HAL_GPIO_TogglePin
    leds.o(i.YELLOW_toggle) refers to stm32f4xx_hal_gpio.o(i.HAL_GPIO_TogglePin) for HAL_GPIO_TogglePin
    freeact.o(i.Active_eventLoop) refers to queue.o(i.xQueueReceive) for xQueueReceive
    freeact.o(i.Active_eventLoop) refers to freeact.o(.constdata) for initEvt
    freeact.o(i.Active_post) refers to queue.o(i.xQueueGenericSend) for xQueueGenericSend
    freeact.o(i.Active_postFromISR) refers to queue.o(i.xQueueGenericSendFromISR) for xQueueGenericSendFromISR
    freeact.o(i.Active_start) refers to queue.o(i.xQueueGenericCreate) for xQueueGenericCreate
    freeact.o(i.Active_start) refers to tasks.o(i.xTaskCreate) for xTaskCreate
    freeact.o(i.Active_start) refers to freeact.o(i.Active_eventLoop) for Active_eventLoop
    freeact.o(i.TimeEvent_arm) refers to port.o(i.vPortEnterCritical) for vPortEnterCritical
[...]
    BSP\bsp.c                                0x00000000   Number         0  bsp.o ABSOLUTE
    BSP\leds.c                               0x00000000   Number         0  leds.o ABSOLUTE
    C:\Keil_v5\ARM\PACK\ARM\CMSIS-FreeRTOS\10.3.1\CMSIS\RTOS2\FreeRTOS\Source\ARM\clib_arm.c 0x00000000   Number         0  clib_arm.o ABSOLUTE
    C:\Keil_v5\ARM\PACK\ARM\CMSIS-FreeRTOS\10.3.1\CMSIS\RTOS2\FreeRTOS\Source\cmsis_os2.c 0x00000000   Number         0  cmsis_os2.o ABSOLUTE
    C:\Keil_v5\ARM\PACK\ARM\CMSIS-FreeRTOS\10.3.1\CMSIS\RTOS2\FreeRTOS\Source\freertos_evr.c 0x00000000   Number         0  freertos_evr.o ABSOLUTE
    C:\Keil_v5\ARM\PACK\ARM\CMSIS-FreeRTOS\10.3.1\CMSIS\RTOS2\FreeRTOS\Source\os_systick.c 0x00000000   Number         0  os_systick.o ABSOLUTE
    C:\Keil_v5\ARM\PACK\ARM\CMSIS-FreeRTOS\10.3.1\Source\event_groups.c 0x00000000   Number         0  event_groups.o ABSOLUTE
    C:\Keil_v5\ARM\PACK\ARM\CMSIS-FreeRTOS\10.3.1\Source\list.c 0x00000000   Number         0  list.o ABSOLUTE
    C:\Keil_v5\ARM\PACK\ARM\CMSIS-FreeRTOS\10.3.1\Source\portable\MemMang\heap_4.c 0x00000000   Number         0  heap_4.o ABSOLUTE
    C:\Keil_v5\ARM\PACK\ARM\CMSIS-FreeRTOS\10.3.1\Source\portable\RVDS\ARM_CM4F\port.c 0x00000000   Number         0  port.o ABSOLUTE
    C:\Keil_v5\ARM\PACK\ARM\CMSIS-FreeRTOS\10.3.1\Source\queue.c 0x00000000   Number         0  queue.o ABSOLUTE
    C:\Keil_v5\ARM\PACK\ARM\CMSIS-FreeRTOS\10.3.1\Source\tasks.c 0x00000000   Number         0  tasks.o ABSOLUTE
    C:\Keil_v5\ARM\PACK\ARM\CMSIS-FreeRTOS\10.3.1\Source\timers.c 0x00000000   Number         0  timers.o ABSOLUTE
    C:\Keil_v5\ARM\PACK\Keil\STM32F4xx_DFP\2.14.0\Drivers\STM32F4xx_HAL_Driver\Src\stm32f4xx_hal.c 0x00000000   Number         0  stm32f4xx_hal.o ABSOLUTE
    C:\Keil_v5\ARM\PACK\Keil\STM32F4xx_DFP\2.14.0\Drivers\STM32F4xx_HAL_Driver\Src\stm32f4xx_hal_cortex.c 0x00000000   Number         0  stm32f4xx_hal_cortex.o ABSOLUTE
    C:\Keil_v5\ARM\PACK\Keil\STM32F4xx_DFP\2.14.0\Drivers\STM32F4xx_HAL_Driver\Src\stm32f4xx_hal_gpio.c 0x00000000   Number         0  stm32f4xx_hal_gpio.o ABSOLUTE
    C:\Keil_v5\ARM\PACK\Keil\STM32F4xx_DFP\2.14.0\Drivers\STM32F4xx_HAL_Driver\Src\stm32f4xx_hal_pwr.c 0x00000000   Number         0  stm32f4xx_hal_pwr.o ABSOLUTE
    C:\Keil_v5\ARM\PACK\Keil\STM32F4xx_DFP\2.14.0\Drivers\STM32F4xx_HAL_Driver\Src\stm32f4xx_hal_pwr_ex.c 0x00000000   Number         0  stm32f4xx_hal_pwr_ex.o ABSOLUTE
    C:\Keil_v5\ARM\PACK\Keil\STM32F4xx_DFP\2.14.0\Drivers\STM32F4xx_HAL_Driver\Src\stm32f4xx_hal_rcc.c 0x00000000   Number         0  stm32f4xx_hal_rcc.o ABSOLUTE
    C:\Keil_v5\ARM\PACK\Keil\STM32F4xx_DFP\2.14.0\Drivers\STM32F4xx_HAL_Driver\Src\stm32f4xx_hal_rcc_ex.c 0x00000000   Number         0  stm32f4xx_hal_rcc_ex.o ABSOLUTE
    C:\\Keil_v5\\ARM\\PACK\\ARM\\CMSIS-FreeRTOS\\10.3.1\\CMSIS\\RTOS2\\FreeRTOS\\Source\\ARM\\clib_arm.c 0x00000000   Number         0  clib_arm.o ABSOLUTE
    C:\\Keil_v5\\ARM\\PACK\\ARM\\CMSIS-FreeRTOS\\10.3.1\\CMSIS\\RTOS2\\FreeRTOS\\Source\\cmsis_os2.c 0x00000000   Number         0  cmsis_os2.o ABSOLUTE
    C:\\Keil_v5\\ARM\\PACK\\ARM\\CMSIS-FreeRTOS\\10.3.1\\CMSIS\\RTOS2\\FreeRTOS\\Source\\freertos_evr.c 0x00000000   Number         0  freertos_evr.o ABSOLUTE
    C:\\Keil_v5\\ARM\\PACK\\ARM\\CMSIS-FreeRTOS\\10.3.1\\CMSIS\\RTOS2\\FreeRTOS\\Source\\os_systick.c 0x00000000   Number         0  os_systick.o ABSOLUTE
    C:\\Keil_v5\\ARM\\PACK\\ARM\\CMSIS-FreeRTOS\\10.3.1\\Source\\event_groups.c 0x00000000   Number         0  event_groups.o ABSOLUTE
    C:\\Keil_v5\\ARM\\PACK\\ARM\\CMSIS-FreeRTOS\\10.3.1\\Source\\list.c 0x00000000   Number         0  list.o ABSOLUTE
    C:\\Keil_v5\\ARM\\PACK\\ARM\\CMSIS-FreeRTOS\\10.3.1\\Source\\portable\\MemMang\\heap_4.c 0x00000000   Number         0  heap_4.o ABSOLUTE
    C:\\Keil_v5\\ARM\\PACK\\ARM\\CMSIS-FreeRTOS\\10.3.1\\Source\\portable\\RVDS\\ARM_CM4F\\port.c 0x00000000   Number         0  port.o ABSOLUTE
    C:\\Keil_v5\\ARM\\PACK\\ARM\\CMSIS-FreeRTOS\\10.3.1\\Source\\queue.c 0x00000000   Number         0  queue.o ABSOLUTE
    C:\\Keil_v5\\ARM\\PACK\\ARM\\CMSIS-FreeRTOS\\10.3.1\\Source\\tasks.c 0x00000000   Number         0  tasks.o ABSOLUTE
    C:\\Keil_v5\\ARM\\PACK\\ARM\\CMSIS-FreeRTOS\\10.3.1\\Source\\timers.c 0x00000000   Number         0  timers.o ABSOLUTE
    C:\\Keil_v5\\ARM\\PACK\\Keil\\STM32F4xx_DFP\\2.14.0\\Drivers\\STM32F4xx_HAL_Driver\\Src\\stm32f4xx_hal.c 0x00000000   Number         0  stm32f4xx_hal.o ABSOLUTE
    C:\\Keil_v5\\ARM\\PACK\\Keil\\STM32F4xx_DFP\\2.14.0\\Drivers\\STM32F4xx_HAL_Driver\\Src\\stm32f4xx_hal_cortex.c 0x00000000   Number         0  stm32f4xx_hal_cortex.o ABSOLUTE
    C:\\Keil_v5\\ARM\\PACK\\Keil\\STM32F4xx_DFP\\2.14.0\\Drivers\\STM32F4xx_HAL_Driver\\Src\\stm32f4xx_hal_gpio.c 0x00000000   Number         0  stm32f4xx_hal_gpio.o ABSOLUTE
    C:\\Keil_v5\\ARM\\PACK\\Keil\\STM32F4xx_DFP\\2.14.0\\Drivers\\STM32F4xx_HAL_Driver\\Src\\stm32f4xx_hal_pwr.c 0x00000000   Number         0  stm32f4xx_hal_pwr.o ABSOLUTE
    C:\\Keil_v5\\ARM\\PACK\\Keil\\STM32F4xx_DFP\\2.14.0\\Drivers\\STM32F4xx_HAL_Driver\\Src\\stm32f4xx_hal_pwr_ex.c 0x00000000   Number         0  stm32f4xx_hal_pwr_ex.o ABSOLUTE
    C:\\Keil_v5\\ARM\\PACK\\Keil\\STM32F4xx_DFP\\2.14.0\\Drivers\\STM32F4xx_HAL_Driver\\Src\\stm32f4xx_hal_rcc.c 0x00000000   Number         0  stm32f4xx_hal_rcc.o ABSOLUTE
    C:\\Keil_v5\\ARM\\PACK\\Keil\\STM32F4xx_DFP\\2.14.0\\Drivers\\STM32F4xx_HAL_Driver\\Src\\stm32f4xx_hal_rcc_ex.c 0x00000000   Number         0  stm32f4xx_hal_rcc_ex.o ABSOLUTE
    FreeAct\FreeAct.c                        0x00000000   Number         0  freeact.o ABSOLUTE
    FreeAct\\FreeAct.c                       0x00000000   Number         0  freeact.o ABSOLUTE
    HAL\\clock.c                             0x00000000   Number         0  clock.o ABSOLUTE
    HAL\clock.c                              0x00000000   Number         0  clock.o ABSOLUTE
    RTE\Device\STM32F407IGHx\startup_stm32f407xx.s 0x00000000   Number         0  startup_stm32f407xx.o ABSOLUTE
    RTE\Device\STM32F407IGHx\system_stm32f4xx.c 0x00000000   Number         0  system_stm32f4xx.o ABSOLUTE
    RTE\\Device\\STM32F407IGHx\\system_stm32f4xx.c 0x00000000   Number         0  system_stm32f4xx.o ABSOLUTE
    dc.s                                     0x00000000   Number         0  dc.o ABSOLUTE
    RESET                                    0x08000000   Section      392  startup_stm32f407xx.o(RESET)
    !!!main                                  0x08000188   Section        8  __main.o(!!!main)
    !!!scatter                               0x08000190   Section       52  __scatter.o(!!!scatter)
    !!handler_copy                           0x080001c4   Section       26  __scatter_copy.o(!!handler_copy)
    !!handler_zi                             0x080001e0   Section       28  __scatter_zi.o(!!handler_zi)
    .ARM.Collect$$libinit$$00000000          0x080001fc   Section        2  libinit.o(.ARM.Collect$$libinit$$00000000)
    .ARM.Collect$$libinit$$00000001          0x080001fe   Section        4  libinit2.o(.ARM.Collect$$libinit$$00000001)
    .ARM.Collect$$libinit$$00000004          0x08000202   Section        0  libinit2.o(.ARM.Collect$$libinit$$00000004)
    .ARM.Collect$$libinit$$0000000A          0x08000202   Section        0  libinit2.o(.ARM.Collect$$libinit$$0000000A)
    .ARM.Collect$$libinit$$0000000C          0x08000202   Section        0  libinit2.o(.ARM.Collect$$libinit$$0000000C)
    .ARM.Collect$$libinit$$0000000E          0x08000202   Section        0  libinit2.o(.ARM.Collect$$libinit$$0000000E)
    .ARM.Collect$$libinit$$00000011          0x08000202   Section        0  libinit2.o(.ARM.Collect$$libinit$$00000011)
    .ARM.Collect$$libinit$$00000013          0x08000202   Section        0  libinit2.o(.ARM.Collect$$libinit$$00000013)
    .ARM.Collect$$libinit$$00000015          0x08000202   Section        0  libinit2.o(.ARM.Collect$$libinit$$00000015)
    .ARM.Collect$$libinit$$00000017          0x08000202   Section        0  libinit2.o(.ARM.Collect$$libinit$$00000017)
    .ARM.Collect$$libinit$$00000019          0x08000202   Section        0  libinit2.o(.ARM.Collect$$libinit$$00000019)
    .ARM.Collect$$libinit$$0000001B          0x08000202   Section        0  libinit2.o(.ARM.Collect$$libinit$$0000001B)
    .ARM.Collect$$libinit$$0000001D          0x08000202   Section        0  libinit2.o(.ARM.Collect$$libinit$$0000001D)
    .ARM.Collect$$libinit$$0000001F          0x08000202   Section        0  libinit2.o(.ARM.Collect$$libinit$$0000001F)
    .ARM.Collect$$libinit$$00000021          0x08000202   Section        0  libinit2.o(.ARM.Collect$$libinit$$00000021)
    .ARM.Collect$$libinit$$00000023          0x08000202   Section        0  libinit2.o(.ARM.Collect$$libinit$$00000023)
    .ARM.Collect$$libinit$$00000025          0x08000202   Section        0  libinit2.o(.ARM.Collect$$libinit$$00000025)
    .ARM.Collect$$libinit$$0000002C          0x08000202   Section        0  libinit2.o(.ARM.Collect$$libinit$$0000002C)
    .ARM.Collect$$libinit$$0000002E          0x08000202   Section        0  libinit2.o(.ARM.Collect$$libinit$$0000002E)
    .ARM.Collect$$libinit$$00000030          0x08000202   Section        0  libinit2.o(.ARM.Collect$$libinit$$00000030)
    .ARM.Collect$$libinit$$00000032          0x08000202   Section        0  libinit2.o(.ARM.Collect$$libinit$$00000032)
    .ARM.Collect$$libinit$$00000033          0x08000202   Section        2  libinit2.o(.ARM.Collect$$libinit$$00000033)
    .ARM.Collect$$libshutdown$$00000000      0x08000204   Section        2  libshutdown.o(.ARM.Collect$$libshutdown$$00000000)
    .ARM.Collect$$libshutdown$$00000002      0x08000206   Section        0  libshutdown2.o(.ARM.Collect$$libshutdown$$00000002)
    .ARM.Collect$$libshutdown$$00000004      0x08000206   Section        0  libshutdown2.o(.ARM.Collect$$libshutdown$$00000004)
    .ARM.Collect$$libshutdown$$00000007      0x08000206   Section        0  libshutdown2.o(.ARM.Collect$$libshutdown$$00000007)
    .ARM.Collect$$libshutdown$$0000000A      0x08000206   Section        0  libshutdown2.o(.ARM.Collect$$libshutdown$$0000000A)
    .ARM.Collect$$libshutdown$$0000000C      0x08000206   Section        0  libshutdown2.o(.ARM.Collect$$libshutdown$$0000000C)
    .ARM.Collect$$libshutdown$$0000000F      0x08000206   Section        0  libshutdown2.o(.ARM.Collect$$libshutdown$$0000000F)
    .ARM.Collect$$libshutdown$$00000010      0x08000206   Section        2  libshutdown2.o(.ARM.Collect$$libshutdown$$00000010)
    .ARM.Collect$$rtentry$$00000000          0x08000208   Section        0  __rtentry.o(.ARM.Collect$$rtentry$$00000000)
    .ARM.Collect$$rtentry$$00000002          0x08000208   Section        0  __rtentry2.o(.ARM.Collect$$rtentry$$00000002)
    .ARM.Collect$$rtentry$$00000004          0x08000208   Section        6  __rtentry4.o(.ARM.Collect$$rtentry$$00000004)
    .ARM.Collect$$rtentry$$00000008          0x0800020e   Section        8  __rtentry2.o(.ARM.Collect$$rtentry$$00000008)
    .ARM.Collect$$rtentry$$0000000A          0x08000216   Section        4  __rtentry2.o(.ARM.Collect$$rtentry$$0000000A)
    .ARM.Collect$$rtentry$$0000000C          0x0800021a   Section        0  __rtentry2.o(.ARM.Collect$$rtentry$$0000000C)
    .ARM.Collect$$rtentry$$0000000D          0x0800021a   Section        8  __rtentry2.o(.ARM.Collect$$rtentry$$0000000D)
    .ARM.Collect$$rtexit$$00000000           0x08000222   Section        2  rtexit.o(.ARM.Collect$$rtexit$$00000000)
    .ARM.Collect$$rtexit$$00000002           0x08000224   Section        0  rtexit2.o(.ARM.Collect$$rtexit$$00000002)
    .ARM.Collect$$rtexit$$00000003           0x08000224   Section        4  rtexit2.o(.ARM.Collect$$rtexit$$00000003)
    .ARM.Collect$$rtexit$$00000004           0x08000228   Section        6  rtexit2.o(.ARM.Collect$$rtexit$$00000004)
    .emb_text                                0x08000230   Section      190  port.o(.emb_text)
    $v0                                      0x08000230   Number         0  port.o(.emb_text)
    .text                                    0x080002f0   Section       64  startup_stm32f407xx.o(.text)
    $v0                                      0x080002f0   Number         0  startup_stm32f407xx.o(.text)
    .text                                    0x08000330   Section      138  rt_memcpy_v6.o(.text)
    .text                                    0x080003ba   Section       16  aeabi_memset.o(.text)
    .text                                    0x080003ca   Section       78  rt_memclr_w.o(.text)
    .text                                    0x08000418   Section        0  heapauxi.o(.text)
    .text                                    0x0800041e   Section      100  rt_memcpy_w.o(.text)
    .text                                    0x08000482   Section       68  rt_memclr.o(.text)
    .text                                    0x080004c6   Section       74  sys_stackheap_outer.o(.text)
    .text                                    0x08000510   Section        0  exit.o(.text)
    .text                                    0x08000524   Section        8  libspace.o(.text)
    .text                                    0x0800052c   Section        0  sys_exit.o(.text)
    .text                                    0x08000538   Section        2  use_no_semi.o(.text)
    .text                                    0x0800053a   Section        0  indicate_semi.o(.text)
    i.Active_ctor                            0x0800053a   Section        0  freeact.o(i.Active_ctor)
    i.Active_eventLoop                       0x08000540   Section        0  freeact.o(i.Active_eventLoop)
    Active_eventLoop                         0x08000541   Thumb Code    42  freeact.o(i.Active_eventLoop)
    i.Active_postFromISR                     0x08000570   Section        0  freeact.o(i.Active_postFromISR)
    i.Active_start                           0x08000588   Section        0  freeact.o(i.Active_start)
    i.BSP_init                               0x080005cc   Section        0  bsp.o(i.BSP_init)
    i.BSP_led0_off                           0x080005d4   Section        0  bsp.o(i.BSP_led0_off)
    i.BSP_led0_on                            0x080005e8   Section        0  bsp.o(i.BSP_led0_on)
    i.BSP_led1_off                           0x080005fc   Section        0  bsp.o(i.BSP_led1_off)
    i.BSP_led1_on                            0x08000610   Section        0  bsp.o(i.BSP_led1_on)
    i.BSP_led2_off                           0x08000624   Section        0  bsp.o(i.BSP_led2_off)
    i.BSP_led2_on                            0x08000638   Section        0  bsp.o(i.BSP_led2_on)
    i.BSP_start                              0x0800064c   Section        0  bsp.o(i.BSP_start)
    i.BlinkyButton_ctor                      0x0800069c   Section        0  main.o(i.BlinkyButton_ctor)
    i.BlinkyButton_dispatch                  0x080006c0   Section        0  main.o(i.BlinkyButton_dispatch)
    BlinkyButton_dispatch                    0x080006c1   Thumb Code   108  main.o(i.BlinkyButton_dispatch)
    i.HAL_GPIO_Init                          0x0800072c   Section        0  stm32f4xx_hal_gpio.o(i.HAL_GPIO_Init)
    i.HAL_GPIO_ReadPin                       0x0800092c   Section        0  stm32f4xx_hal_gpio.o(i.HAL_GPIO_ReadPin)
    i.HAL_GPIO_WritePin                      0x0800093c   Section        0  stm32f4xx_hal_gpio.o(i.HAL_GPIO_WritePin)
    i.LEDS_init                              0x08000948   Section        0  leds.o(i.LEDS_init)
    i.SysTick_Handler                        0x08000a7c   Section        0  cmsis_os2.o(i.SysTick_Handler)
    i.SystemInit                             0x08000a94   Section        0  system_stm32f4xx.o(i.SystemInit)
    i.TimeEvent_arm                          0x08000af8   Section        0  freeact.o(i.TimeEvent_arm)
    i.TimeEvent_ctor                         0x08000b10   Section        0  freeact.o(i.TimeEvent_ctor)
    i.TimeEvent_tickFromISR                  0x08000b3c   Section        0  freeact.o(i.TimeEvent_tickFromISR)
    i._mutex_acquire                         0x08000b78   Section        0  clib_arm.o(i._mutex_acquire)
    __tagsym$$used                           0x08000b79   Number         0  clib_arm.o(i._mutex_acquire)
    i._mutex_free                            0x08000b90   Section        0  clib_arm.o(i._mutex_free)
    __tagsym$$used                           0x08000b91   Number         0  clib_arm.o(i._mutex_free)
    i._mutex_initialize                      0x08000bc4   Section        0  clib_arm.o(i._mutex_initialize)
    __tagsym$$used                           0x08000bc5   Number         0  clib_arm.o(i._mutex_initialize)
    i._mutex_release                         0x08000c24   Section        0  clib_arm.o(i._mutex_release)
    __tagsym$$used                           0x08000c25   Number         0  clib_arm.o(i._mutex_release)
    i._platform_post_stackheap_init          0x08000c3c   Section        0  clib_arm.o(i._platform_post_stackheap_init)
    i.main                                   0x08000c40   Section        0  main.o(i.main)
    i.os_kernel_is_active                    0x08000c84   Section        0  clib_arm.o(i.os_kernel_is_active)
    os_kernel_is_active                      0x08000c85   Thumb Code    32  clib_arm.o(i.os_kernel_is_active)
    i.prvAddCurrentTaskToDelayedList         0x08000ca8   Section        0  tasks.o(i.prvAddCurrentTaskToDelayedList)
    prvAddCurrentTaskToDelayedList           0x08000ca9   Thumb Code   100  tasks.o(i.prvAddCurrentTaskToDelayedList)
    i.prvAddNewTaskToReadyList               0x08000d24   Section        0  tasks.o(i.prvAddNewTaskToReadyList)
    prvAddNewTaskToReadyList                 0x08000d25   Thumb Code   154  tasks.o(i.prvAddNewTaskToReadyList)
    i.prvCheckForValidListAndQueue           0x08000ddc   Section        0  timers.o(i.prvCheckForValidListAndQueue)
    prvCheckForValidListAndQueue             0x08000ddd   Thumb Code    62  timers.o(i.prvCheckForValidListAndQueue)
    i.prvCheckTasksWaitingTermination        0x08000e38   Section        0  tasks.o(i.prvCheckTasksWaitingTermination)
    prvCheckTasksWaitingTermination          0x08000e39   Thumb Code    60  tasks.o(i.prvCheckTasksWaitingTermination)
    i.prvCopyDataFromQueue                   0x08000e80   Section        0  queue.o(i.prvCopyDataFromQueue)
    prvCopyDataFromQueue                     0x08000e81   Thumb Code    42  queue.o(i.prvCopyDataFromQueue)
    i.prvCopyDataToQueue                     0x08000eaa   Section        0  queue.o(i.prvCopyDataToQueue)
    prvCopyDataToQueue                       0x08000eab   Thumb Code   126  queue.o(i.prvCopyDataToQueue)
    i.prvDeleteTCB                           0x08000f28   Section        0  tasks.o(i.prvDeleteTCB)
    prvDeleteTCB                             0x08000f29   Thumb Code    40  tasks.o(i.prvDeleteTCB)
    i.prvGetDisinheritPriorityAfterTimeout   0x08000f50   Section        0  queue.o(i.prvGetDisinheritPriorityAfterTimeout)
    prvGetDisinheritPriorityAfterTimeout     0x08000f51   Thumb Code    20  queue.o(i.prvGetDisinheritPriorityAfterTimeout)
    i.prvGetNextExpireTime                   0x08000f64   Section        0  timers.o(i.prvGetNextExpireTime)
    prvGetNextExpireTime                     0x08000f65   Thumb Code    36  timers.o(i.prvGetNextExpireTime)
    i.prvHeapInit                            0x08000f8c   Section        0  heap_4.o(i.prvHeapInit)
    prvHeapInit                              0x08000f8d   Thumb Code    98  heap_4.o(i.prvHeapInit)
    i.prvIdleTask                            0x08001008   Section        0  tasks.o(i.prvIdleTask)
    prvIdleTask                              0x08001009   Thumb Code    36  tasks.o(i.prvIdleTask)
    i.prvInitialiseMutex                     0x08001034   Section        0  queue.o(i.prvInitialiseMutex)
    prvInitialiseMutex                       0x08001035   Thumb Code    30  queue.o(i.prvInitialiseMutex)
    i.prvInitialiseNewQueue                  0x08001052   Section        0  queue.o(i.prvInitialiseNewQueue)
    prvInitialiseNewQueue                    0x08001053   Thumb Code    42  queue.o(i.prvInitialiseNewQueue)
    i.prvInitialiseNewTask                   0x0800107c   Section        0  tasks.o(i.prvInitialiseNewTask)
    prvInitialiseNewTask                     0x0800107d   Thumb Code   154  tasks.o(i.prvInitialiseNewTask)
    i.prvInitialiseTaskLists                 0x08001118   Section        0  tasks.o(i.prvInitialiseTaskLists)
    prvInitialiseTaskLists                   0x08001119   Thumb Code    70  tasks.o(i.prvInitialiseTaskLists)
    i.prvInsertBlockIntoFreeList             0x08001180   Section        0  heap_4.o(i.prvInsertBlockIntoFreeList)
    prvInsertBlockIntoFreeList               0x08001181   Thumb Code    96  heap_4.o(i.prvInsertBlockIntoFreeList)
    i.prvInsertTimerInActiveList             0x080011e8   Section        0  timers.o(i.prvInsertTimerInActiveList)
    prvInsertTimerInActiveList               0x080011e9   Thumb Code    80  timers.o(i.prvInsertTimerInActiveList)
    i.prvIsQueueEmpty                        0x08001240   Section        0  queue.o(i.prvIsQueueEmpty)
    prvIsQueueEmpty                          0x08001241   Thumb Code    26  queue.o(i.prvIsQueueEmpty)
    i.prvIsQueueFull                         0x0800125a   Section        0  queue.o(i.prvIsQueueFull)
    prvIsQueueFull                           0x0800125b   Thumb Code    30  queue.o(i.prvIsQueueFull)
    i.prvProcessExpiredTimer                 0x08001278   Section        0  timers.o(i.prvProcessExpiredTimer)
    prvProcessExpiredTimer                   0x08001279   Thumb Code    86  timers.o(i.prvProcessExpiredTimer)
    i.prvProcessReceivedCommands             0x080012d4   Section        0  timers.o(i.prvProcessReceivedCommands)
    prvProcessReceivedCommands               0x080012d5   Thumb Code   264  timers.o(i.prvProcessReceivedCommands)
    i.prvProcessTimerOrBlockTask             0x080013e0   Section        0  timers.o(i.prvProcessTimerOrBlockTask)
    prvProcessTimerOrBlockTask               0x080013e1   Thumb Code   102  timers.o(i.prvProcessTimerOrBlockTask)
    i.prvResetNextTaskUnblockTime            0x08001454   Section        0  tasks.o(i.prvResetNextTaskUnblockTime)
    prvResetNextTaskUnblockTime              0x08001455   Thumb Code    42  tasks.o(i.prvResetNextTaskUnblockTime)
    i.prvSampleTimeNow                       0x08001488   Section        0  timers.o(i.prvSampleTimeNow)
    prvSampleTimeNow                         0x08001489   Thumb Code    40  timers.o(i.prvSampleTimeNow)
    i.prvSwitchTimerLists                    0x080014b4   Section        0  timers.o(i.prvSwitchTimerLists)
    prvSwitchTimerLists                      0x080014b5   Thumb Code   126  timers.o(i.prvSwitchTimerLists)
    i.prvTaskExitError                       0x0800153c   Section        0  port.o(i.prvTaskExitError)
    prvTaskExitError                         0x0800153d   Thumb Code    22  port.o(i.prvTaskExitError)
    i.prvTimerTask                           0x08001552   Section        0  timers.o(i.prvTimerTask)
    prvTimerTask                             0x08001553   Thumb Code    26  timers.o(i.prvTimerTask)
    i.prvUnlockQueue                         0x0800156c   Section        0  queue.o(i.prvUnlockQueue)
    prvUnlockQueue                           0x0800156d   Thumb Code   126  queue.o(i.prvUnlockQueue)
    i.pvPortMalloc                           0x080015ec   Section        0  heap_4.o(i.pvPortMalloc)
    i.pvTaskIncrementMutexHeldCount          0x080016cc   Section        0  tasks.o(i.pvTaskIncrementMutexHeldCount)
    i.pxPortInitialiseStack                  0x080016ec   Section        0  port.o(i.pxPortInitialiseStack)
    i.uxListRemove                           0x08001718   Section        0  list.o(i.uxListRemove)
    i.vApplicationGetIdleTaskMemory          0x08001740   Section        0  bsp.o(i.vApplicationGetIdleTaskMemory)
    i.vApplicationGetTimerTaskMemory         0x08001758   Section        0  cmsis_os2.o(i.vApplicationGetTimerTaskMemory)
    i.vApplicationIdleHook                   0x08001770   Section        0  bsp.o(i.vApplicationIdleHook)
    i.vApplicationStackOverflowHook          0x08001772   Section        0  bsp.o(i.vApplicationStackOverflowHook)
    i.vApplicationTickHook                   0x08001774   Section        0  bsp.o(i.vApplicationTickHook)
    i.vListInitialise                        0x08001808   Section        0  list.o(i.vListInitialise)
    i.vListInitialiseItem                    0x08001822   Section        0  list.o(i.vListInitialiseItem)
    i.vListInsert                            0x08001828   Section        0  list.o(i.vListInsert)
    i.vListInsertEnd                         0x0800185c   Section        0  list.o(i.vListInsertEnd)
    i.vPortEnterCritical                     0x08001874   Section        0  port.o(i.vPortEnterCritical)
    i.vPortExitCritical                      0x08001898   Section        0  port.o(i.vPortExitCritical)
    i.vPortFree                              0x080018b8   Section        0  heap_4.o(i.vPortFree)
    i.vPortSetupTimerInterrupt               0x08001910   Section        0  port.o(i.vPortSetupTimerInterrupt)
    i.vQueueDelete                           0x08001938   Section        0  queue.o(i.vQueueDelete)
    i.vQueueWaitForMessageRestricted         0x0800194c   Section        0  queue.o(i.vQueueWaitForMessageRestricted)
    i.vTaskInternalSetTimeOutState           0x08001998   Section        0  tasks.o(i.vTaskInternalSetTimeOutState)
    i.vTaskMissedYield                       0x080019b0   Section        0  tasks.o(i.vTaskMissedYield)
    i.vTaskPlaceOnEventList                  0x080019bc   Section        0  tasks.o(i.vTaskPlaceOnEventList)
    i.vTaskPlaceOnEventListRestricted        0x080019dc   Section        0  tasks.o(i.vTaskPlaceOnEventListRestricted)
    i.vTaskPriorityDisinheritAfterTimeout    0x08001a04   Section        0  tasks.o(i.vTaskPriorityDisinheritAfterTimeout)
    i.vTaskStartScheduler                    0x08001a90   Section        0  tasks.o(i.vTaskStartScheduler)
    i.vTaskSuspendAll                        0x08001b24   Section        0  tasks.o(i.vTaskSuspendAll)
    i.vTaskSwitchContext                     0x08001b34   Section        0  tasks.o(i.vTaskSwitchContext)
    i.xPortStartScheduler                    0x08001be4   Section        0  port.o(i.xPortStartScheduler)
    i.xPortSysTickHandler                    0x08001c2c   Section        0  port.o(i.xPortSysTickHandler)
    i.xQueueCreateMutex                      0x08001c60   Section        0  queue.o(i.xQueueCreateMutex)
    i.xQueueCreateMutexStatic                0x08001c82   Section        0  queue.o(i.xQueueCreateMutexStatic)
    i.xQueueGenericCreate                    0x08001cac   Section        0  queue.o(i.xQueueGenericCreate)
    i.xQueueGenericCreateStatic              0x08001ce6   Section        0  queue.o(i.xQueueGenericCreateStatic)
    i.xQueueGenericReset                     0x08001d14   Section        0  queue.o(i.xQueueGenericReset)
    i.xQueueGenericSend                      0x08001d94   Section        0  queue.o(i.xQueueGenericSend)
    i.xQueueGenericSendFromISR               0x08001eac   Section        0  queue.o(i.xQueueGenericSendFromISR)
    i.xQueueReceive                          0x08001f38   Section        0  queue.o(i.xQueueReceive)
    i.xQueueSemaphoreTake                    0x0800203c   Section        0  queue.o(i.xQueueSemaphoreTake)
    i.xTaskCheckForTimeOut                   0x0800216c   Section        0  tasks.o(i.xTaskCheckForTimeOut)
    i.xTaskCreate                            0x080021c8   Section        0  tasks.o(i.xTaskCreate)
    i.xTaskCreateStatic                      0x0800222c   Section        0  tasks.o(i.xTaskCreateStatic)
    i.xTaskGetSchedulerState                 0x0800227c   Section        0  tasks.o(i.xTaskGetSchedulerState)
    i.xTaskGetTickCount                      0x0800229c   Section        0  tasks.o(i.xTaskGetTickCount)
    i.xTaskIncrementTick                     0x080022a8   Section        0  tasks.o(i.xTaskIncrementTick)
    i.xTaskPriorityDisinherit                0x080023d0   Section        0  tasks.o(i.xTaskPriorityDisinherit)
    i.xTaskPriorityInherit                   0x08002430   Section        0  tasks.o(i.xTaskPriorityInherit)
    i.xTaskRemoveFromEventList               0x080024d4   Section        0  tasks.o(i.xTaskRemoveFromEventList)
    i.xTaskResumeAll                         0x08002554   Section        0  tasks.o(i.xTaskResumeAll)
    i.xTimerCreateTimerTask                  0x0800263c   Section        0  timers.o(i.xTimerCreateTimerTask)
    i.xTimerGenericCommand                   0x0800269c   Section        0  timers.o(i.xTimerGenericCommand)
    x$fpl$fpinit                             0x08002708   Section       10  fpinit.o(x$fpl$fpinit)
    $v0                                      0x08002708   Number         0  fpinit.o(x$fpl$fpinit)
    .constdata                               0x08002712   Section        4  bsp.o(.constdata)
    buttonPressedEvt                         0x08002712   Data           2  bsp.o(.constdata)
    buttonReleasedEvt                        0x08002714   Data           2  bsp.o(.constdata)
    .constdata                               0x08002716   Section        2  freeact.o(.constdata)
    initEvt                                  0x08002716   Data           2  freeact.o(.constdata)
    .data                                    0x20000000   Section        4  main.o(.data)
    .data                                    0x20000004   Section        8  bsp.o(.data)
    buttons                                  0x20000004   Data           8  bsp.o(.data)
    .data                                    0x2000000c   Section        4  freeact.o(.data)
    l_tevtNum                                0x2000000c   Data           4  freeact.o(.data)
    .data                                    0x20000010   Section        1  clib_arm.o(.data)
    os_kernel_active                         0x20000010   Data           1  clib_arm.o(.data)
    .data                                    0x20000014   Section        4  system_stm32f4xx.o(.data)
    .data                                    0x20000018   Section       32  heap_4.o(.data)
    xStart                                   0x20000018   Data           8  heap_4.o(.data)
    pxEnd                                    0x20000020   Data           4  heap_4.o(.data)
    xFreeBytesRemaining                      0x20000024   Data           4  heap_4.o(.data)
    xMinimumEverFreeBytesRemaining           0x20000028   Data           4  heap_4.o(.data)
    xNumberOfSuccessfulAllocations           0x2000002c   Data           4  heap_4.o(.data)
    xNumberOfSuccessfulFrees                 0x20000030   Data           4  heap_4.o(.data)
    xBlockAllocatedBit                       0x20000034   Data           4  heap_4.o(.data)
    .data                                    0x20000038   Section        4  port.o(.data)
    uxCriticalNesting                        0x20000038   Data           4  port.o(.data)
    .data                                    0x2000003c   Section       60  tasks.o(.data)
    pxDelayedTaskList                        0x20000040   Data           4  tasks.o(.data)
    pxOverflowDelayedTaskList                0x20000044   Data           4  tasks.o(.data)
    uxDeletedTasksWaitingCleanUp             0x20000048   Data           4  tasks.o(.data)
    uxCurrentNumberOfTasks                   0x2000004c   Data           4  tasks.o(.data)
    xTickCount                               0x20000050   Data           4  tasks.o(.data)
    uxTopReadyPriority                       0x20000054   Data           4  tasks.o(.data)
    xSchedulerRunning                        0x20000058   Data           4  tasks.o(.data)
    xPendedTicks                             0x2000005c   Data           4  tasks.o(.data)
    xYieldPending                            0x20000060   Data           4  tasks.o(.data)
    xNumOfOverflows                          0x20000064   Data           4  tasks.o(.data)
    uxTaskNumber                             0x20000068   Data           4  tasks.o(.data)
    xNextTaskUnblockTime                     0x2000006c   Data           4  tasks.o(.data)
    xIdleTaskHandle                          0x20000070   Data           4  tasks.o(.data)
    uxSchedulerSuspended                     0x20000074   Data           4  tasks.o(.data)
    .data                                    0x20000078   Section       20  timers.o(.data)
    pxCurrentTimerList                       0x20000078   Data           4  timers.o(.data)
    pxOverflowTimerList                      0x2000007c   Data           4  timers.o(.data)
    xTimerQueue                              0x20000080   Data           4  timers.o(.data)
    xTimerTaskHandle                         0x20000084   Data           4  timers.o(.data)
    xLastTime                                0x20000088   Data           4  timers.o(.data)
    .bss                                     0x2000008c   Section      756  main.o(.bss)
    blinkyButton_stack                       0x2000008c   Data         512  main.o(.bss)
    blinkyButton_queue                       0x2000028c   Data          40  main.o(.bss)
    blinkyButton                             0x200002b4   Data         204  main.o(.bss)
    .bss                                     0x20000380   Section      604  bsp.o(.bss)
    xIdleTaskTCB                             0x20000380   Data          92  bsp.o(.bss)
    uxIdleTaskStack                          0x200003dc   Data         512  bsp.o(.bss)
    .bss                                     0x200005dc   Section       40  freeact.o(.bss)
    l_tevt                                   0x200005dc   Data          40  freeact.o(.bss)
    .bss                                     0x20000604   Section      916  clib_arm.o(.bss)
    os_libspace                              0x20000604   Data         480  clib_arm.o(.bss)
    os_libspace_id                           0x200007e4   Data          16  clib_arm.o(.bss)
    clib_mutex_cb                            0x200007f4   Data         400  clib_arm.o(.bss)
    clib_mutex_id                            0x20000984   Data          20  clib_arm.o(.bss)
    .bss                                     0x20000998   Section     1016  cmsis_os2.o(.bss)
    Idle_TCB                                 0x20000998   Data          92  cmsis_os2.o(.bss)
    Idle_Stack                               0x200009f4   Data         512  cmsis_os2.o(.bss)
    Timer_TCB                                0x20000bf4   Data          92  cmsis_os2.o(.bss)
    Timer_Stack                              0x20000c50   Data         320  cmsis_os2.o(.bss)
    .bss                                     0x20000d90   Section     8192  heap_4.o(.bss)
    ucHeap                                   0x20000d90   Data        8192  heap_4.o(.bss)
    .bss                                     0x20002d90   Section     1220  tasks.o(.bss)
    pxReadyTasksLists                        0x20002d90   Data        1120  tasks.o(.bss)
    xDelayedTaskList1                        0x200031f0   Data          20  tasks.o(.bss)
    xDelayedTaskList2                        0x20003204   Data          20  tasks.o(.bss)
    xPendingReadyList                        0x20003218   Data          20  tasks.o(.bss)
    xTasksWaitingTermination                 0x2000322c   Data          20  tasks.o(.bss)
    xSuspendedTaskList                       0x20003240   Data          20  tasks.o(.bss)
    .bss                                     0x20003254   Section      200  timers.o(.bss)
    xActiveTimerList1                        0x20003254   Data          20  timers.o(.bss)
    xActiveTimerList2                        0x20003268   Data          20  timers.o(.bss)
    xStaticTimerQueue                        0x2000327c   Data          80  timers.o(.bss)
    ucStaticTimerQueueStorage                0x200032cc   Data          80  timers.o(.bss)
    .bss                                     0x2000331c   Section       96  libspace.o(.bss)
    HEAP                                     0x20003380   Section      512  startup_stm32f407xx.o(HEAP)
    Heap_Mem                                 0x20003380   Data         512  startup_stm32f407xx.o(HEAP)
    STACK                                    0x20003580   Section     1024  startup_stm32f407xx.o(STACK)
    Stack_Mem                                0x20003580   Data        1024  startup_stm32f407xx.o(STACK)
    __initial_sp                             0x20003980   Data           0  startup_stm32f407xx.o(STACK)

    Global Symbols

    Symbol Name                              Value     Ov Type        Size  Object(Section)

    BuildAttributes$$THM_ISAv4$E$P$D$K$B$S$7EM$VFPi3$EXTD16$VFPS$VFMA$PE$A:L22UL41UL21$X:L11$S22US41US21$IEEE1$IW$USESV6$~STKCKD$USESV7$~SHL$OSPACE$ROPI$EBA8$UX$STANDARDLIB$REQ8$PRES8$EABIv2 0x00000000   Number         0  anon$$obj.o ABSOLUTE
    __ARM_use_no_argv                        0x00000000   Number         0  main.o ABSOLUTE
    __ARM_exceptions_init                     - Undefined Weak Reference
    __alloca_initialize                       - Undefined Weak Reference
    __arm_preinit_                            - Undefined Weak Reference
    __cpp_initialize__aeabi_                  - Undefined Weak Reference
    __cxa_finalize                            - Undefined Weak Reference
    __rt_locale                               - Undefined Weak Reference
    __sigvec_lookup                           - Undefined Weak Reference
    _atexit_init                              - Undefined Weak Reference
    _call_atexit_fns                          - Undefined Weak Reference
    _clock_init                               - Undefined Weak Reference
    _fp_trap_init                             - Undefined Weak Reference
    _fp_trap_shutdown                         - Undefined Weak Reference
    _get_lc_collate                           - Undefined Weak Reference
    _get_lc_ctype                             - Undefined Weak Reference
    _get_lc_monetary                          - Undefined Weak Reference
    _get_lc_numeric                           - Undefined Weak Reference
    _get_lc_time                              - Undefined Weak Reference
    _getenv_init                              - Undefined Weak Reference
    _handle_redirection                       - Undefined Weak Reference
    _init_alloc                               - Undefined Weak Reference
    _init_user_alloc                          - Undefined Weak Reference
    _initio                                   - Undefined Weak Reference
    _rand_init                                - Undefined Weak Reference
    _signal_finish                            - Undefined Weak Reference
    _signal_init                              - Undefined Weak Reference
    _terminate_alloc                          - Undefined Weak Reference
    _terminate_user_alloc                     - Undefined Weak Reference
    _terminateio                              - Undefined Weak Reference
    __Vectors_Size                           0x00000188   Number         0  startup_stm32f407xx.o ABSOLUTE
    __Vectors                                0x08000000   Data           4  startup_stm32f407xx.o(RESET)
    __Vectors_End                            0x08000188   Data           0  startup_stm32f407xx.o(RESET)
    __main                                   0x08000189   Thumb Code     8  __main.o(!!!main)
    __scatterload                            0x08000191   Thumb Code     0  __scatter.o(!!!scatter)
    __scatterload_rt2                        0x08000191   Thumb Code    44  __scatter.o(!!!scatter)
    __scatterload_rt2_thumb_only             0x08000191   Thumb Code     0  __scatter.o(!!!scatter)
    __scatterload_null                       0x0800019f   Thumb Code     0  __scatter.o(!!!scatter)
    __scatterload_copy                       0x080001c5   Thumb Code    26  __scatter_copy.o(!!handler_copy)
    __scatterload_zeroinit                   0x080001e1   Thumb Code    28  __scatter_zi.o(!!handler_zi)
    __rt_lib_init                            0x080001fd   Thumb Code     0  libinit.o(.ARM.Collect$$libinit$$00000000)
    __rt_lib_init_fp_1                       0x080001ff   Thumb Code     0  libinit2.o(.ARM.Collect$$libinit$$00000001)
    __rt_lib_init_alloca_1                   0x08000203   Thumb Code     0  libinit2.o(.ARM.Collect$$libinit$$0000002E)
    __rt_lib_init_argv_1                     0x08000203   Thumb Code     0  libinit2.o(.ARM.Collect$$libinit$$0000002C)
    __rt_lib_init_atexit_1                   0x08000203   Thumb Code     0  libinit2.o(.ARM.Collect$$libinit$$0000001B)
    __rt_lib_init_clock_1                    0x08000203   Thumb Code     0  libinit2.o(.ARM.Collect$$libinit$$00000021)
    __rt_lib_init_cpp_1                      0x08000203   Thumb Code     0  libinit2.o(.ARM.Collect$$libinit$$00000032)
    __rt_lib_init_exceptions_1               0x08000203   Thumb Code     0  libinit2.o(.ARM.Collect$$libinit$$00000030)
    __rt_lib_init_fp_trap_1                  0x08000203   Thumb Code     0  libinit2.o(.ARM.Collect$$libinit$$0000001F)
    __rt_lib_init_getenv_1                   0x08000203   Thumb Code     0  libinit2.o(.ARM.Collect$$libinit$$00000023)
    __rt_lib_init_heap_1                     0x08000203   Thumb Code     0  libinit2.o(.ARM.Collect$$libinit$$0000000A)
    __rt_lib_init_lc_collate_1               0x08000203   Thumb Code     0  libinit2.o(.ARM.Collect$$libinit$$00000011)
    __rt_lib_init_lc_ctype_1                 0x08000203   Thumb Code     0  libinit2.o(.ARM.Collect$$libinit$$00000013)
    __rt_lib_init_lc_monetary_1              0x08000203   Thumb Code     0  libinit2.o(.ARM.Collect$$libinit$$00000015)
    __rt_lib_init_lc_numeric_1               0x08000203   Thumb Code     0  libinit2.o(.ARM.Collect$$libinit$$00000017)
    __rt_lib_init_lc_time_1                  0x08000203   Thumb Code     0  libinit2.o(.ARM.Collect$$libinit$$00000019)
    __rt_lib_init_preinit_1                  0x08000203   Thumb Code     0  libinit2.o(.ARM.Collect$$libinit$$00000004)
    __rt_lib_init_rand_1                     0x08000203   Thumb Code     0  libinit2.o(.ARM.Collect$$libinit$$0000000E)
    __rt_lib_init_return                     0x08000203   Thumb Code     0  libinit2.o(.ARM.Collect$$libinit$$00000033)
    __rt_lib_init_signal_1                   0x08000203   Thumb Code     0  libinit2.o(.ARM.Collect$$libinit$$0000001D)
    __rt_lib_init_stdio_1                    0x08000203   Thumb Code     0  libinit2.o(.ARM.Collect$$libinit$$00000025)
    __rt_lib_init_user_alloc_1               0x08000203   Thumb Code     0  libinit2.o(.ARM.Collect$$libinit$$0000000C)
    __rt_lib_shutdown                        0x08000205   Thumb Code     0  libshutdown.o(.ARM.Collect$$libshutdown$$00000000)
    __rt_lib_shutdown_cpp_1                  0x08000207   Thumb Code     0  libshutdown2.o(.ARM.Collect$$libshutdown$$00000002)
    __rt_lib_shutdown_fp_trap_1              0x08000207   Thumb Code     0  libshutdown2.o(.ARM.Collect$$libshutdown$$00000007)
    __rt_lib_shutdown_heap_1                 0x08000207   Thumb Code     0  libshutdown2.o(.ARM.Collect$$libshutdown$$0000000F)
    __rt_lib_shutdown_return                 0x08000207   Thumb Code     0  libshutdown2.o(.ARM.Collect$$libshutdown$$00000010)
    __rt_lib_shutdown_signal_1               0x08000207   Thumb Code     0  libshutdown2.o(.ARM.Collect$$libshutdown$$0000000A)
    __rt_lib_shutdown_stdio_1                0x08000207   Thumb Code     0  libshutdown2.o(.ARM.Collect$$libshutdown$$00000004)
    __rt_lib_shutdown_user_alloc_1           0x08000207   Thumb Code     0  libshutdown2.o(.ARM.Collect$$libshutdown$$0000000C)
    __rt_entry                               0x08000209   Thumb Code     0  __rtentry.o(.ARM.Collect$$rtentry$$00000000)
    __rt_entry_presh_1                       0x08000209   Thumb Code     0  __rtentry2.o(.ARM.Collect$$rtentry$$00000002)
    __rt_entry_sh                            0x08000209   Thumb Code     0  __rtentry4.o(.ARM.Collect$$rtentry$$00000004)
    __rt_entry_postsh_1                      0x0800020f   Thumb Code     0  __rtentry2.o(.ARM.Collect$$rtentry$$00000008)
    __rt_entry_li                            0x08000217   Thumb Code     0  __rtentry2.o(.ARM.Collect$$rtentry$$0000000A)
    __rt_entry_main                          0x0800021b   Thumb Code     0  __rtentry2.o(.ARM.Collect$$rtentry$$0000000D)
    __rt_entry_postli_1                      0x0800021b   Thumb Code     0  __rtentry2.o(.ARM.Collect$$rtentry$$0000000C)
    __rt_exit                                0x08000223   Thumb Code     0  rtexit.o(.ARM.Collect$$rtexit$$00000000)
    __rt_exit_ls                             0x08000225   Thumb Code     0  rtexit2.o(.ARM.Collect$$rtexit$$00000003)
    __rt_exit_prels_1                        0x08000225   Thumb Code     0  rtexit2.o(.ARM.Collect$$rtexit$$00000002)
    __rt_exit_exit                           0x08000229   Thumb Code     0  rtexit2.o(.ARM.Collect$$rtexit$$00000004)
    SVC_Handler                              0x08000231   Thumb Code    28  port.o(.emb_text)
    __asm___6_port_c_39a90d8d__prvStartFirstTask 0x08000251   Thumb Code    36  port.o(.emb_text)
    __asm___6_port_c_39a90d8d__prvEnableVFP  0x08000279   Thumb Code    16  port.o(.emb_text)
    PendSV_Handler                           0x0800028d   Thumb Code    88  port.o(.emb_text)
    vPortGetIPSR                             0x080002e9   Thumb Code     6  port.o(.emb_text)
    Reset_Handler                            0x080002f1   Thumb Code     8  startup_stm32f407xx.o(.text)
    NMI_Handler                              0x080002f9   Thumb Code     2  startup_stm32f407xx.o(.text)
    HardFault_Handler                        0x080002fb   Thumb Code     2  startup_stm32f407xx.o(.text)
    MemManage_Handler                        0x080002fd   Thumb Code     2  startup_stm32f407xx.o(.text)
    BusFault_Handler                         0x080002ff   Thumb Code     2  startup_stm32f407xx.o(.text)
    UsageFault_Handler                       0x08000301   Thumb Code     2  startup_stm32f407xx.o(.text)
    DebugMon_Handler                         0x08000305   Thumb Code     2  startup_stm32f407xx.o(.text)
    ADC_IRQHandler                           0x0800030b   Thumb Code     0  startup_stm32f407xx.o(.text)
    CAN1_RX0_IRQHandler                      0x0800030b   Thumb Code     0  startup_stm32f407xx.o(.text)
    CAN1_RX1_IRQHandler                      0x0800030b   Thumb Code     0  startup_stm32f407xx.o(.text)
    CAN1_SCE_IRQHandler                      0x0800030b   Thumb Code     0  startup_stm32f407xx.o(.text)
    CAN1_TX_IRQHandler                       0x0800030b   Thumb Code     0  startup_stm32f407xx.o(.text)
    CAN2_RX0_IRQHandler                      0x0800030b   Thumb Code     0  startup_stm32f407xx.o(.text)
    CAN2_RX1_IRQHandler                      0x0800030b   Thumb Code     0  startup_stm32f407xx.o(.text)
    CAN2_SCE_IRQHandler                      0x0800030b   Thumb Code     0  startup_stm32f407xx.o(.text)
    CAN2_TX_IRQHandler                       0x0800030b   Thumb Code     0  startup_stm32f407xx.o(.text)
    DCMI_IRQHandler                          0x0800030b   Thumb Code     0  startup_stm32f407xx.o(.text)
    DMA1_Stream0_IRQHandler                  0x0800030b   Thumb Code     0  startup_stm32f407xx.o(.text)
    DMA1_Stream1_IRQHandler                  0x0800030b   Thumb Code     0  startup_stm32f407xx.o(.text)
    DMA1_Stream2_IRQHandler                  0x0800030b   Thumb Code     0  startup_stm32f407xx.o(.text)
    DMA1_Stream3_IRQHandler                  0x0800030b   Thumb Code     0  startup_stm32f407xx.o(.text)
    DMA1_Stream4_IRQHandler                  0x0800030b   Thumb Code     0  startup_stm32f407xx.o(.text)
    DMA1_Stream5_IRQHandler                  0x0800030b   Thumb Code     0  startup_stm32f407xx.o(.text)
    DMA1_Stream6_IRQHandler                  0x0800030b   Thumb Code     0  startup_stm32f407xx.o(.text)
    DMA1_Stream7_IRQHandler                  0x0800030b   Thumb Code     0  startup_stm32f407xx.o(.text)
    DMA2_Stream0_IRQHandler                  0x0800030b   Thumb Code     0  startup_stm32f407xx.o(.text)
    DMA2_Stream1_IRQHandler                  0x0800030b   Thumb Code     0  startup_stm32f407xx.o(.text)
    DMA2_Stream2_IRQHandler                  0x0800030b   Thumb Code     0  startup_stm32f407xx.o(.text)
    DMA2_Stream3_IRQHandler                  0x0800030b   Thumb Code     0  startup_stm32f407xx.o(.text)
    DMA2_Stream4_IRQHandler                  0x0800030b   Thumb Code     0  startup_stm32f407xx.o(.text)
    DMA2_Stream5_IRQHandler                  0x0800030b   Thumb Code     0  startup_stm32f407xx.o(.text)
    DMA2_Stream6_IRQHandler                  0x0800030b   Thumb Code     0  startup_stm32f407xx.o(.text)
    DMA2_Stream7_IRQHandler                  0x0800030b   Thumb Code     0  startup_stm32f407xx.o(.text)
    ETH_IRQHandler                           0x0800030b   Thumb Code     0  startup_stm32f407xx.o(.text)
    ETH_WKUP_IRQHandler                      0x0800030b   Thumb Code     0  startup_stm32f407xx.o(.text)
    EXTI0_IRQHandler                         0x0800030b   Thumb Code     0  startup_stm32f407xx.o(.text)
    EXTI15_10_IRQHandler                     0x0800030b   Thumb Code     0  startup_stm32f407xx.o(.text)
    EXTI1_IRQHandler                         0x0800030b   Thumb Code     0  startup_stm32f407xx.o(.text)
    EXTI2_IRQHandler                         0x0800030b   Thumb Code     0  startup_stm32f407xx.o(.text)
    EXTI3_IRQHandler                         0x0800030b   Thumb Code     0  startup_stm32f407xx.o(.text)
    EXTI4_IRQHandler                         0x0800030b   Thumb Code     0  startup_stm32f407xx.o(.text)
    EXTI9_5_IRQHandler                       0x0800030b   Thumb Code     0  startup_stm32f407xx.o(.text)
    FLASH_IRQHandler                         0x0800030b   Thumb Code     0  startup_stm32f407xx.o(.text)
    FMC_IRQHandler                           0x0800030b   Thumb Code     0  startup_stm32f407xx.o(.text)
    FPU_IRQHandler                           0x0800030b   Thumb Code     0  startup_stm32f407xx.o(.text)
    HASH_RNG_IRQHandler                      0x0800030b   Thumb Code     0  startup_stm32f407xx.o(.text)
    I2C1_ER_IRQHandler                       0x0800030b   Thumb Code     0  startup_stm32f407xx.o(.text)
    I2C1_EV_IRQHandler                       0x0800030b   Thumb Code     0  startup_stm32f407xx.o(.text)
    I2C2_ER_IRQHandler                       0x0800030b   Thumb Code     0  startup_stm32f407xx.o(.text)
    I2C2_EV_IRQHandler                       0x0800030b   Thumb Code     0  startup_stm32f407xx.o(.text)
    I2C3_ER_IRQHandler                       0x0800030b   Thumb Code     0  startup_stm32f407xx.o(.text)
    I2C3_EV_IRQHandler                       0x0800030b   Thumb Code     0  startup_stm32f407xx.o(.text)
    OTG_FS_IRQHandler                        0x0800030b   Thumb Code     0  startup_stm32f407xx.o(.text)
    OTG_FS_WKUP_IRQHandler                   0x0800030b   Thumb Code     0  startup_stm32f407xx.o(.text)
    OTG_HS_EP1_IN_IRQHandler                 0x0800030b   Thumb Code     0  startup_stm32f407xx.o(.text)
    OTG_HS_EP1_OUT_IRQHandler                0x0800030b   Thumb Code     0  startup_stm32f407xx.o(.text)
    OTG_HS_IRQHandler                        0x0800030b   Thumb Code     0  startup_stm32f407xx.o(.text)
    OTG_HS_WKUP_IRQHandler                   0x0800030b   Thumb Code     0  startup_stm32f407xx.o(.text)
    PVD_IRQHandler                           0x0800030b   Thumb Code     0  startup_stm32f407xx.o(.text)
    RCC_IRQHandler                           0x0800030b   Thumb Code     0  startup_stm32f407xx.o(.text)
    RTC_Alarm_IRQHandler                     0x0800030b   Thumb Code     0  startup_stm32f407xx.o(.text)
    RTC_WKUP_IRQHandler                      0x0800030b   Thumb Code     0  startup_stm32f407xx.o(.text)
    SDIO_IRQHandler                          0x0800030b   Thumb Code     0  startup_stm32f407xx.o(.text)
    SPI1_IRQHandler                          0x0800030b   Thumb Code     0  startup_stm32f407xx.o(.text)
    SPI2_IRQHandler                          0x0800030b   Thumb Code     0  startup_stm32f407xx.o(.text)
    SPI3_IRQHandler                          0x0800030b   Thumb Code     0  startup_stm32f407xx.o(.text)
    TAMP_STAMP_IRQHandler                    0x0800030b   Thumb Code     0  startup_stm32f407xx.o(.text)
    TIM1_BRK_TIM9_IRQHandler                 0x0800030b   Thumb Code     0  startup_stm32f407xx.o(.text)
    TIM1_CC_IRQHandler                       0x0800030b   Thumb Code     0  startup_stm32f407xx.o(.text)
    TIM1_TRG_COM_TIM11_IRQHandler            0x0800030b   Thumb Code     0  startup_stm32f407xx.o(.text)
    TIM1_UP_TIM10_IRQHandler                 0x0800030b   Thumb Code     0  startup_stm32f407xx.o(.text)
    TIM2_IRQHandler                          0x0800030b   Thumb Code     0  startup_stm32f407xx.o(.text)
    TIM3_IRQHandler                          0x0800030b   Thumb Code     0  startup_stm32f407xx.o(.text)
    TIM4_IRQHandler                          0x0800030b   Thumb Code     0  startup_stm32f407xx.o(.text)
    TIM5_IRQHandler                          0x0800030b   Thumb Code     0  startup_stm32f407xx.o(.text)
    TIM6_DAC_IRQHandler                      0x0800030b   Thumb Code     0  startup_stm32f407xx.o(.text)
    TIM7_IRQHandler                          0x0800030b   Thumb Code     0  startup_stm32f407xx.o(.text)
    TIM8_BRK_TIM12_IRQHandler                0x0800030b   Thumb Code     0  startup_stm32f407xx.o(.text)
    TIM8_CC_IRQHandler                       0x0800030b   Thumb Code     0  startup_stm32f407xx.o(.text)
    TIM8_TRG_COM_TIM14_IRQHandler            0x0800030b   Thumb Code     0  startup_stm32f407xx.o(.text)
    TIM8_UP_TIM13_IRQHandler                 0x0800030b   Thumb Code     0  startup_stm32f407xx.o(.text)
    UART4_IRQHandler                         0x0800030b   Thumb Code     0  startup_stm32f407xx.o(.text)
    UART5_IRQHandler                         0x0800030b   Thumb Code     0  startup_stm32f407xx.o(.text)
    USART1_IRQHandler                        0x0800030b   Thumb Code     0  startup_stm32f407xx.o(.text)
    USART2_IRQHandler                        0x0800030b   Thumb Code     0  startup_stm32f407xx.o(.text)
    USART3_IRQHandler                        0x0800030b   Thumb Code     0  startup_stm32f407xx.o(.text)
    USART6_IRQHandler                        0x0800030b   Thumb Code     0  startup_stm32f407xx.o(.text)
    WWDG_IRQHandler                          0x0800030b   Thumb Code     0  startup_stm32f407xx.o(.text)
    __user_initial_stackheap                 0x0800030d   Thumb Code     0  startup_stm32f407xx.o(.text)
    __aeabi_memcpy                           0x08000331   Thumb Code     0  rt_memcpy_v6.o(.text)
    __rt_memcpy                              0x08000331   Thumb Code   138  rt_memcpy_v6.o(.text)
    _memcpy_lastbytes                        0x08000397   Thumb Code     0  rt_memcpy_v6.o(.text)
    __aeabi_memset                           0x080003bb   Thumb Code    16  aeabi_memset.o(.text)
    __aeabi_memclr4                          0x080003cb   Thumb Code     0  rt_memclr_w.o(.text)
    __aeabi_memclr8                          0x080003cb   Thumb Code     0  rt_memclr_w.o(.text)
    __rt_memclr_w                            0x080003cb   Thumb Code    78  rt_memclr_w.o(.text)
    _memset_w                                0x080003cf   Thumb Code     0  rt_memclr_w.o(.text)
    __use_two_region_memory                  0x08000419   Thumb Code     2  heapauxi.o(.text)
    __rt_heap_escrow$2region                 0x0800041b   Thumb Code     2  heapauxi.o(.text)
    __rt_heap_expand$2region                 0x0800041d   Thumb Code     2  heapauxi.o(.text)
    __aeabi_memcpy4                          0x0800041f   Thumb Code     0  rt_memcpy_w.o(.text)
    __aeabi_memcpy8                          0x0800041f   Thumb Code     0  rt_memcpy_w.o(.text)
    __rt_memcpy_w                            0x0800041f   Thumb Code   100  rt_memcpy_w.o(.text)
    _memcpy_lastbytes_aligned                0x08000467   Thumb Code     0  rt_memcpy_w.o(.text)
    __aeabi_memclr                           0x08000483   Thumb Code     0  rt_memclr.o(.text)
    __rt_memclr                              0x08000483   Thumb Code    68  rt_memclr.o(.text)
    _memset                                  0x08000487   Thumb Code     0  rt_memclr.o(.text)
    __user_setup_stackheap                   0x080004c7   Thumb Code    74  sys_stackheap_outer.o(.text)
    exit                                     0x08000511   Thumb Code    18  exit.o(.text)
    __user_libspace                          0x08000525   Thumb Code     8  libspace.o(.text)
    __user_perproc_libspace                  0x08000525   Thumb Code     0  libspace.o(.text)
    _sys_exit                                0x0800052d   Thumb Code     8  sys_exit.o(.text)
    __I$use$semihosting                      0x08000539   Thumb Code     0  use_no_semi.o(.text)
    __use_no_semihosting_swi                 0x08000539   Thumb Code     2  use_no_semi.o(.text)
    Active_ctor                              0x0800053b   Thumb Code     6  freeact.o(i.Active_ctor)
    __semihosting_library_function           0x0800053b   Thumb Code     0  indicate_semi.o(.text)
    Active_postFromISR                       0x08000571   Thumb Code    22  freeact.o(i.Active_postFromISR)
    Active_start                             0x08000589   Thumb Code    60  freeact.o(i.Active_start)
    BSP_init                                 0x080005cd   Thumb Code     8  bsp.o(i.BSP_init)
    BSP_led0_off                             0x080005d5   Thumb Code    14  bsp.o(i.BSP_led0_off)
    BSP_led0_on                              0x080005e9   Thumb Code    14  bsp.o(i.BSP_led0_on)
    BSP_led1_off                             0x080005fd   Thumb Code    14  bsp.o(i.BSP_led1_off)
    BSP_led1_on                              0x08000611   Thumb Code    14  bsp.o(i.BSP_led1_on)
    BSP_led2_off                             0x08000625   Thumb Code    16  bsp.o(i.BSP_led2_off)
    BSP_led2_on                              0x08000639   Thumb Code    14  bsp.o(i.BSP_led2_on)
    BSP_start                                0x0800064d   Thumb Code    68  bsp.o(i.BSP_start)
    BlinkyButton_ctor                        0x0800069d   Thumb Code    32  main.o(i.BlinkyButton_ctor)
    HAL_GPIO_Init                            0x0800072d   Thumb Code   466  stm32f4xx_hal_gpio.o(i.HAL_GPIO_Init)
    HAL_GPIO_ReadPin                         0x0800092d   Thumb Code    16  stm32f4xx_hal_gpio.o(i.HAL_GPIO_ReadPin)
    HAL_GPIO_WritePin                        0x0800093d   Thumb Code    12  stm32f4xx_hal_gpio.o(i.HAL_GPIO_WritePin)
    LEDS_init                                0x08000949   Thumb Code   286  leds.o(i.LEDS_init)
    SysTick_Handler                          0x08000a7d   Thumb Code    22  cmsis_os2.o(i.SysTick_Handler)
    SystemInit                               0x08000a95   Thumb Code    82  system_stm32f4xx.o(i.SystemInit)
    TimeEvent_arm                            0x08000af9   Thumb Code    22  freeact.o(i.TimeEvent_arm)
    TimeEvent_ctor                           0x08000b11   Thumb Code    34  freeact.o(i.TimeEvent_ctor)
    TimeEvent_tickFromISR                    0x08000b3d   Thumb Code    52  freeact.o(i.TimeEvent_tickFromISR)
    _mutex_acquire                           0x08000b79   Thumb Code    22  clib_arm.o(i._mutex_acquire)
    _mutex_free                              0x08000b91   Thumb Code    46  clib_arm.o(i._mutex_free)
    _mutex_initialize                        0x08000bc5   Thumb Code    86  clib_arm.o(i._mutex_initialize)
    _mutex_release                           0x08000c25   Thumb Code    24  clib_arm.o(i._mutex_release)
    _platform_post_stackheap_init            0x08000c3d   Thumb Code     2  clib_arm.o(i._platform_post_stackheap_init)
    main                                     0x08000c41   Thumb Code    52  main.o(i.main)
    pvPortMalloc                             0x080015ed   Thumb Code   198  heap_4.o(i.pvPortMalloc)
    pvTaskIncrementMutexHeldCount            0x080016cd   Thumb Code    26  tasks.o(i.pvTaskIncrementMutexHeldCount)
    pxPortInitialiseStack                    0x080016ed   Thumb Code    38  port.o(i.pxPortInitialiseStack)
    uxListRemove                             0x08001719   Thumb Code    40  list.o(i.uxListRemove)
    vApplicationGetIdleTaskMemory            0x08001741   Thumb Code    14  bsp.o(i.vApplicationGetIdleTaskMemory)
    vApplicationGetTimerTaskMemory           0x08001759   Thumb Code    14  cmsis_os2.o(i.vApplicationGetTimerTaskMemory)
    vApplicationIdleHook                     0x08001771   Thumb Code     2  bsp.o(i.vApplicationIdleHook)
    vApplicationStackOverflowHook            0x08001773   Thumb Code     2  bsp.o(i.vApplicationStackOverflowHook)
    vApplicationTickHook                     0x08001775   Thumb Code   124  bsp.o(i.vApplicationTickHook)
    vListInitialise                          0x08001809   Thumb Code    26  list.o(i.vListInitialise)
    vListInitialiseItem                      0x08001823   Thumb Code     6  list.o(i.vListInitialiseItem)
    vListInsert                              0x08001829   Thumb Code    52  list.o(i.vListInsert)
    vListInsertEnd                           0x0800185d   Thumb Code    24  list.o(i.vListInsertEnd)
    vPortEnterCritical                       0x08001875   Thumb Code    30  port.o(i.vPortEnterCritical)
    vPortExitCritical                        0x08001899   Thumb Code    28  port.o(i.vPortExitCritical)
    vPortFree                                0x080018b9   Thumb Code    74  heap_4.o(i.vPortFree)
    vPortSetupTimerInterrupt                 0x08001911   Thumb Code    36  port.o(i.vPortSetupTimerInterrupt)
    vQueueDelete                             0x08001939   Thumb Code    20  queue.o(i.vQueueDelete)
    vQueueWaitForMessageRestricted           0x0800194d   Thumb Code    74  queue.o(i.vQueueWaitForMessageRestricted)
    vTaskInternalSetTimeOutState             0x08001999   Thumb Code    14  tasks.o(i.vTaskInternalSetTimeOutState)
    vTaskMissedYield                         0x080019b1   Thumb Code     8  tasks.o(i.vTaskMissedYield)
    vTaskPlaceOnEventList                    0x080019bd   Thumb Code    28  tasks.o(i.vTaskPlaceOnEventList)
    vTaskPlaceOnEventListRestricted          0x080019dd   Thumb Code    36  tasks.o(i.vTaskPlaceOnEventListRestricted)
    vTaskPriorityDisinheritAfterTimeout      0x08001a05   Thumb Code   130  tasks.o(i.vTaskPriorityDisinheritAfterTimeout)
    vTaskStartScheduler                      0x08001a91   Thumb Code   120  tasks.o(i.vTaskStartScheduler)
    vTaskSuspendAll                          0x08001b25   Thumb Code    12  tasks.o(i.vTaskSuspendAll)
    vTaskSwitchContext                       0x08001b35   Thumb Code   154  tasks.o(i.vTaskSwitchContext)
    xPortStartScheduler                      0x08001be5   Thumb Code    58  port.o(i.xPortStartScheduler)
    xPortSysTickHandler                      0x08001c2d   Thumb Code    46  port.o(i.xPortSysTickHandler)
    xQueueCreateMutex                        0x08001c61   Thumb Code    34  queue.o(i.xQueueCreateMutex)
    xQueueCreateMutexStatic                  0x08001c83   Thumb Code    42  queue.o(i.xQueueCreateMutexStatic)
    xQueueGenericCreate                      0x08001cad   Thumb Code    58  queue.o(i.xQueueGenericCreate)
    xQueueGenericCreateStatic                0x08001ce7   Thumb Code    46  queue.o(i.xQueueGenericCreateStatic)
    xQueueGenericReset                       0x08001d15   Thumb Code   122  queue.o(i.xQueueGenericReset)
    xQueueGenericSend                        0x08001d95   Thumb Code   276  queue.o(i.xQueueGenericSend)
    xQueueGenericSendFromISR                 0x08001ead   Thumb Code   138  queue.o(i.xQueueGenericSendFromISR)
    xQueueReceive                            0x08001f39   Thumb Code   256  queue.o(i.xQueueReceive)
    xQueueSemaphoreTake                      0x0800203d   Thumb Code   300  queue.o(i.xQueueSemaphoreTake)
    xTaskCheckForTimeOut                     0x0800216d   Thumb Code    84  tasks.o(i.xTaskCheckForTimeOut)
    xTaskCreate                              0x080021c9   Thumb Code   100  tasks.o(i.xTaskCreate)
    xTaskCreateStatic                        0x0800222d   Thumb Code    78  tasks.o(i.xTaskCreateStatic)
    xTaskGetSchedulerState                   0x0800227d   Thumb Code    24  tasks.o(i.xTaskGetSchedulerState)
    xTaskGetTickCount                        0x0800229d   Thumb Code     6  tasks.o(i.xTaskGetTickCount)
    xTaskIncrementTick                       0x080022a9   Thumb Code   250  tasks.o(i.xTaskIncrementTick)
    xTaskPriorityDisinherit                  0x080023d1   Thumb Code    86  tasks.o(i.xTaskPriorityDisinherit)
    xTaskPriorityInherit                     0x08002431   Thumb Code   150  tasks.o(i.xTaskPriorityInherit)
    xTaskRemoveFromEventList                 0x080024d5   Thumb Code   102  tasks.o(i.xTaskRemoveFromEventList)
    xTaskResumeAll                           0x08002555   Thumb Code   194  tasks.o(i.xTaskResumeAll)
    xTimerCreateTimerTask                    0x0800263d   Thumb Code    76  timers.o(i.xTimerCreateTimerTask)
    xTimerGenericCommand                     0x0800269d   Thumb Code   104  timers.o(i.xTimerGenericCommand)
    _fp_init                                 0x08002709   Thumb Code    10  fpinit.o(x$fpl$fpinit)
    __fplib_config_fpu_vfp                   0x08002711   Thumb Code     0  fpinit.o(x$fpl$fpinit)
    __fplib_config_pureend_doubles           0x08002711   Thumb Code     0  fpinit.o(x$fpl$fpinit)
    Region$$Table$$Base                      0x08002718   Number         0  anon$$obj.o(Region$$Table)
    Region$$Table$$Limit                     0x08002738   Number         0  anon$$obj.o(Region$$Table)
    AO_blinkyButton                          0x20000000   Data           4  main.o(.data)
    SystemCoreClock                          0x20000014   Data           4  system_stm32f4xx.o(.data)
    pxCurrentTCB                             0x2000003c   Data           4  tasks.o(.data)
    __libspace_start                         0x2000331c   Data          96  libspace.o(.bss)
    __temporary_stack_top$libspace           0x2000337c   Data           0  libspace.o(.bss)



==============================================================================

Memory Map of the image

  Image Entry point : 0x08000189

  Load Region LR_IROM1 (Base: 0x08000000, Size: 0x000027c4, Max: 0x00100000, ABSOLUTE)

    Execution Region ER_IROM1 (Exec base: 0x08000000, Load base: 0x08000000, Size: 0x00002738, Max: 0x00100000, ABSOLUTE)

    Exec Addr    Load Addr    Size         Type   Attr      Idx    E Section Name        Object

    0x08000000   0x08000000   0x00000188   Data   RO         1142    RESET               startup_stm32f407xx.o
    0x08000188   0x08000188   0x00000008   Code   RO         3074  * !!!main             c_w.l(__main.o)
    0x08000190   0x08000190   0x00000034   Code   RO         3243    !!!scatter          c_w.l(__scatter.o)
    0x080001c4   0x080001c4   0x0000001a   Code   RO         3245    !!handler_copy      c_w.l(__scatter_copy.o)
    0x080001de   0x080001de   0x00000002   PAD
    0x080001e0   0x080001e0   0x0000001c   Code   RO         3247    !!handler_zi        c_w.l(__scatter_zi.o)
    0x080001fc   0x080001fc   0x00000002   Code   RO         3113    .ARM.Collect$$libinit$$00000000  c_w.l(libinit.o)
    0x080001fe   0x080001fe   0x00000004   Code   RO         3125    .ARM.Collect$$libinit$$00000001  c_w.l(libinit2.o)
    0x08000202   0x08000202   0x00000000   Code   RO         3128    .ARM.Collect$$libinit$$00000004  c_w.l(libinit2.o)
    0x08000202   0x08000202   0x00000000   Code   RO         3131    .ARM.Collect$$libinit$$0000000A  c_w.l(libinit2.o)
    0x08000202   0x08000202   0x00000000   Code   RO         3133    .ARM.Collect$$libinit$$0000000C  c_w.l(libinit2.o)
    0x08000202   0x08000202   0x00000000   Code   RO         3135    .ARM.Collect$$libinit$$0000000E  c_w.l(libinit2.o)
    0x08000202   0x08000202   0x00000000   Code   RO         3138    .ARM.Collect$$libinit$$00000011  c_w.l(libinit2.o)
    0x08000202   0x08000202   0x00000000   Code   RO         3140    .ARM.Collect$$libinit$$00000013  c_w.l(libinit2.o)
    0x08000202   0x08000202   0x00000000   Code   RO         3142    .ARM.Collect$$libinit$$00000015  c_w.l(libinit2.o)
    0x08000202   0x08000202   0x00000000   Code   RO         3144    .ARM.Collect$$libinit$$00000017  c_w.l(libinit2.o)
    0x08000202   0x08000202   0x00000000   Code   RO         3146    .ARM.Collect$$libinit$$00000019  c_w.l(libinit2.o)
    0x08000202   0x08000202   0x00000000   Code   RO         3148    .ARM.Collect$$libinit$$0000001B  c_w.l(libinit2.o)
    0x08000202   0x08000202   0x00000000   Code   RO         3150    .ARM.Collect$$libinit$$0000001D  c_w.l(libinit2.o)
    0x08000202   0x08000202   0x00000000   Code   RO         3152    .ARM.Collect$$libinit$$0000001F  c_w.l(libinit2.o)
    0x08000202   0x08000202   0x00000000   Code   RO         3154    .ARM.Collect$$libinit$$00000021  c_w.l(libinit2.o)
    0x08000202   0x08000202   0x00000000   Code   RO         3156    .ARM.Collect$$libinit$$00000023  c_w.l(libinit2.o)
    0x08000202   0x08000202   0x00000000   Code   RO         3158    .ARM.Collect$$libinit$$00000025  c_w.l(libinit2.o)
    0x08000202   0x08000202   0x00000000   Code   RO         3162    .ARM.Collect$$libinit$$0000002C  c_w.l(libinit2.o)
    0x08000202   0x08000202   0x00000000   Code   RO         3164    .ARM.Collect$$libinit$$0000002E  c_w.l(libinit2.o)
    0x08000202   0x08000202   0x00000000   Code   RO         3166    .ARM.Collect$$libinit$$00000030  c_w.l(libinit2.o)
    0x08000202   0x08000202   0x00000000   Code   RO         3168    .ARM.Collect$$libinit$$00000032  c_w.l(libinit2.o)
    0x08000202   0x08000202   0x00000002   Code   RO         3169    .ARM.Collect$$libinit$$00000033  c_w.l(libinit2.o)
    0x08000204   0x08000204   0x00000002   Code   RO         3200    .ARM.Collect$$libshutdown$$00000000  c_w.l(libshutdown.o)
    0x08000206   0x08000206   0x00000000   Code   RO         3226    .ARM.Collect$$libshutdown$$00000002  c_w.l(libshutdown2.o)
    0x08000206   0x08000206   0x00000000   Code   RO         3228    .ARM.Collect$$libshutdown$$00000004  c_w.l(libshutdown2.o)
    0x08000206   0x08000206   0x00000000   Code   RO         3231    .ARM.Collect$$libshutdown$$00000007  c_w.l(libshutdown2.o)
    0x08000206   0x08000206   0x00000000   Code   RO         3234    .ARM.Collect$$libshutdown$$0000000A  c_w.l(libshutdown2.o)
    0x08000206   0x08000206   0x00000000   Code   RO         3236    .ARM.Collect$$libshutdown$$0000000C  c_w.l(libshutdown2.o)
    0x08000206   0x08000206   0x00000000   Code   RO         3239    .ARM.Collect$$libshutdown$$0000000F  c_w.l(libshutdown2.o)
    0x08000206   0x08000206   0x00000002   Code   RO         3240    .ARM.Collect$$libshutdown$$00000010  c_w.l(libshutdown2.o)
    0x08000208   0x08000208   0x00000000   Code   RO         3076    .ARM.Collect$$rtentry$$00000000  c_w.l(__rtentry.o)
    0x08000208   0x08000208   0x00000000   Code   RO         3086    .ARM.Collect$$rtentry$$00000002  c_w.l(__rtentry2.o)
    0x08000208   0x08000208   0x00000006   Code   RO         3098    .ARM.Collect$$rtentry$$00000004  c_w.l(__rtentry4.o)
    0x0800020e   0x0800020e   0x00000008   Code   RO         3087    .ARM.Collect$$rtentry$$00000008  c_w.l(__rtentry2.o)
    0x08000216   0x08000216   0x00000004   Code   RO         3089    .ARM.Collect$$rtentry$$0000000A  c_w.l(__rtentry2.o)
    0x0800021a   0x0800021a   0x00000000   Code   RO         3091    .ARM.Collect$$rtentry$$0000000C  c_w.l(__rtentry2.o)
    0x0800021a   0x0800021a   0x00000008   Code   RO         3092    .ARM.Collect$$rtentry$$0000000D  c_w.l(__rtentry2.o)
    0x08000222   0x08000222   0x00000002   Code   RO         3117    .ARM.Collect$$rtexit$$00000000  c_w.l(rtexit.o)
    0x08000224   0x08000224   0x00000000   Code   RO         3173    .ARM.Collect$$rtexit$$00000002  c_w.l(rtexit2.o)
    0x08000224   0x08000224   0x00000004   Code   RO         3174    .ARM.Collect$$rtexit$$00000003  c_w.l(rtexit2.o)
    0x08000228   0x08000228   0x00000006   Code   RO         3175    .ARM.Collect$$rtexit$$00000004  c_w.l(rtexit2.o)
    0x0800022e   0x0800022e   0x00000002   PAD
    0x08000230   0x08000230   0x000000be   Code   RO         2173    .emb_text           port.o
    0x080002ee   0x080002ee   0x00000002   PAD
    0x080002f0   0x080002f0   0x00000040   Code   RO         1143    .text               startup_stm32f407xx.o
    0x08000330   0x08000330   0x0000008a   Code   RO         3066    .text               c_w.l(rt_memcpy_v6.o)
    0x080003ba   0x080003ba   0x00000010   Code   RO         3068    .text               c_w.l(aeabi_memset.o)
    0x080003ca   0x080003ca   0x0000004e   Code   RO         3070    .text               c_w.l(rt_memclr_w.o)
    0x08000418   0x08000418   0x00000006   Code   RO         3072    .text               c_w.l(heapauxi.o)
    0x0800041e   0x0800041e   0x00000064   Code   RO         3081    .text               c_w.l(rt_memcpy_w.o)
    0x08000482   0x08000482   0x00000044   Code   RO         3083    .text               c_w.l(rt_memclr.o)
    0x080004c6   0x080004c6   0x0000004a   Code   RO         3102    .text               c_w.l(sys_stackheap_outer.o)
    0x08000510   0x08000510   0x00000012   Code   RO         3104    .text               c_w.l(exit.o)
    0x08000522   0x08000522   0x00000002   PAD
    0x08000524   0x08000524   0x00000008   Code   RO         3114    .text               c_w.l(libspace.o)
    0x0800052c   0x0800052c   0x0000000c   Code   RO         3170    .text               c_w.l(sys_exit.o)
    0x08000538   0x08000538   0x00000002   Code   RO         3189    .text               c_w.l(use_no_semi.o)
    0x0800053a   0x0800053a   0x00000000   Code   RO         3191    .text               c_w.l(indicate_semi.o)
    0x0800053a   0x0800053a   0x00000006   Code   RO          365    i.Active_ctor       freeact.o
    0x08000540   0x08000540   0x00000030   Code   RO          366    i.Active_eventLoop  freeact.o
    0x08000570   0x08000570   0x00000016   Code   RO          368    i.Active_postFromISR  freeact.o
    0x08000586   0x08000586   0x00000002   PAD
    0x08000588   0x08000588   0x00000044   Code   RO          369    i.Active_start      freeact.o
    0x080005cc   0x080005cc   0x00000008   Code   RO          195    i.BSP_init          bsp.o
    0x080005d4   0x080005d4   0x00000014   Code   RO          196    i.BSP_led0_off      bsp.o
    0x080005e8   0x080005e8   0x00000014   Code   RO          197    i.BSP_led0_on       bsp.o
    0x080005fc   0x080005fc   0x00000014   Code   RO          199    i.BSP_led1_off      bsp.o
    0x08000610   0x08000610   0x00000014   Code   RO          200    i.BSP_led1_on       bsp.o
    0x08000624   0x08000624   0x00000014   Code   RO          202    i.BSP_led2_off      bsp.o
    0x08000638   0x08000638   0x00000014   Code   RO          203    i.BSP_led2_on       bsp.o
    0x0800064c   0x0800064c   0x00000050   Code   RO          205    i.BSP_start         bsp.o
    0x0800069c   0x0800069c   0x00000024   Code   RO            4    i.BlinkyButton_ctor  main.o
    0x080006c0   0x080006c0   0x0000006c   Code   RO            5    i.BlinkyButton_dispatch  main.o
    0x0800072c   0x0800072c   0x00000200   Code   RO         1513    i.HAL_GPIO_Init     stm32f4xx_hal_gpio.o
    0x0800092c   0x0800092c   0x00000010   Code   RO         1515    i.HAL_GPIO_ReadPin  stm32f4xx_hal_gpio.o
    0x0800093c   0x0800093c   0x0000000c   Code   RO         1517    i.HAL_GPIO_WritePin  stm32f4xx_hal_gpio.o
    0x08000948   0x08000948   0x00000134   Code   RO          324    i.LEDS_init         leds.o
    0x08000a7c   0x08000a7c   0x00000016   Code   RO          508    i.SysTick_Handler   cmsis_os2.o
    0x08000a92   0x08000a92   0x00000002   PAD
    0x08000a94   0x08000a94   0x00000064   Code   RO         1151    i.SystemInit        system_stm32f4xx.o
    0x08000af8   0x08000af8   0x00000016   Code   RO          370    i.TimeEvent_arm     freeact.o
    0x08000b0e   0x08000b0e   0x00000002   PAD
    0x08000b10   0x08000b10   0x0000002c   Code   RO          371    i.TimeEvent_ctor    freeact.o
    0x08000b3c   0x08000b3c   0x0000003c   Code   RO          373    i.TimeEvent_tickFromISR  freeact.o
    0x08000b78   0x08000b78   0x00000016   Code   RO          441    i._mutex_acquire    clib_arm.o
    0x08000b8e   0x08000b8e   0x00000002   PAD
    0x08000b90   0x08000b90   0x00000034   Code   RO          442    i._mutex_free       clib_arm.o
    0x08000bc4   0x08000bc4   0x00000060   Code   RO          443    i._mutex_initialize  clib_arm.o
    0x08000c24   0x08000c24   0x00000018   Code   RO          444    i._mutex_release    clib_arm.o
    0x08000c3c   0x08000c3c   0x00000002   Code   RO          445    i._platform_post_stackheap_init  clib_arm.o
    0x08000c3e   0x08000c3e   0x00000002   PAD
    0x08000c40   0x08000c40   0x00000044   Code   RO            6    i.main              main.o
    0x08000c84   0x08000c84   0x00000024   Code   RO          446    i.os_kernel_is_active  clib_arm.o
    0x08000ca8   0x08000ca8   0x0000007c   Code   RO         2493    i.prvAddCurrentTaskToDelayedList  tasks.o
    0x08000d24   0x08000d24   0x000000b8   Code   RO         2494    i.prvAddNewTaskToReadyList  tasks.o
    0x08000ddc   0x08000ddc   0x0000005c   Code   RO         2890    i.prvCheckForValidListAndQueue  timers.o
    0x08000e38   0x08000e38   0x00000048   Code   RO         2495    i.prvCheckTasksWaitingTermination  tasks.o
    0x08000e80   0x08000e80   0x0000002a   Code   RO         2256    i.prvCopyDataFromQueue  queue.o
    0x08000eaa   0x08000eaa   0x0000007e   Code   RO         2257    i.prvCopyDataToQueue  queue.o
    0x08000f28   0x08000f28   0x00000028   Code   RO         2496    i.prvDeleteTCB      tasks.o
    0x08000f50   0x08000f50   0x00000014   Code   RO         2258    i.prvGetDisinheritPriorityAfterTimeout  queue.o
    0x08000f64   0x08000f64   0x00000028   Code   RO         2891    i.prvGetNextExpireTime  timers.o
    0x08000f8c   0x08000f8c   0x0000007c   Code   RO         2106    i.prvHeapInit       heap_4.o
    0x08001008   0x08001008   0x0000002c   Code   RO         2497    i.prvIdleTask       tasks.o
    0x08001034   0x08001034   0x0000001e   Code   RO         2259    i.prvInitialiseMutex  queue.o
    0x08001052   0x08001052   0x0000002a   Code   RO         2260    i.prvInitialiseNewQueue  queue.o
    0x0800107c   0x0800107c   0x0000009a   Code   RO         2498    i.prvInitialiseNewTask  tasks.o
    0x08001116   0x08001116   0x00000002   PAD
    0x08001118   0x08001118   0x00000068   Code   RO         2499    i.prvInitialiseTaskLists  tasks.o
    0x08001180   0x08001180   0x00000068   Code   RO         2107    i.prvInsertBlockIntoFreeList  heap_4.o
    0x080011e8   0x080011e8   0x00000058   Code   RO         2893    i.prvInsertTimerInActiveList  timers.o
    0x08001240   0x08001240   0x0000001a   Code   RO         2261    i.prvIsQueueEmpty   queue.o
    0x0800125a   0x0800125a   0x0000001e   Code   RO         2262    i.prvIsQueueFull    queue.o
    0x08001278   0x08001278   0x0000005c   Code   RO         2894    i.prvProcessExpiredTimer  timers.o
    0x080012d4   0x080012d4   0x0000010c   Code   RO         2895    i.prvProcessReceivedCommands  timers.o
    0x080013e0   0x080013e0   0x00000074   Code   RO         2896    i.prvProcessTimerOrBlockTask  timers.o
    0x08001454   0x08001454   0x00000034   Code   RO         2501    i.prvResetNextTaskUnblockTime  tasks.o
    0x08001488   0x08001488   0x0000002c   Code   RO         2897    i.prvSampleTimeNow  timers.o
    0x080014b4   0x080014b4   0x00000088   Code   RO         2898    i.prvSwitchTimerLists  timers.o
    0x0800153c   0x0800153c   0x00000016   Code   RO         2174    i.prvTaskExitError  port.o
    0x08001552   0x08001552   0x0000001a   Code   RO         2899    i.prvTimerTask      timers.o
    0x0800156c   0x0800156c   0x0000007e   Code   RO         2263    i.prvUnlockQueue    queue.o
    0x080015ea   0x080015ea   0x00000002   PAD
    0x080015ec   0x080015ec   0x000000e0   Code   RO         2108    i.pvPortMalloc      heap_4.o
    0x080016cc   0x080016cc   0x00000020   Code   RO         2504    i.pvTaskIncrementMutexHeldCount  tasks.o
    0x080016ec   0x080016ec   0x0000002c   Code   RO         2175    i.pxPortInitialiseStack  port.o
    0x08001718   0x08001718   0x00000028   Code   RO         2055    i.uxListRemove      list.o
    0x08001740   0x08001740   0x00000018   Code   RO          207    i.vApplicationGetIdleTaskMemory  bsp.o
    0x08001758   0x08001758   0x00000018   Code   RO          585    i.vApplicationGetTimerTaskMemory  cmsis_os2.o
    0x08001770   0x08001770   0x00000002   Code   RO          208    i.vApplicationIdleHook  bsp.o
    0x08001772   0x08001772   0x00000002   Code   RO          209    i.vApplicationStackOverflowHook  bsp.o
    0x08001774   0x08001774   0x00000094   Code   RO          210    i.vApplicationTickHook  bsp.o
    0x08001808   0x08001808   0x0000001a   Code   RO         2056    i.vListInitialise   list.o
    0x08001822   0x08001822   0x00000006   Code   RO         2057    i.vListInitialiseItem  list.o
    0x08001828   0x08001828   0x00000034   Code   RO         2058    i.vListInsert       list.o
    0x0800185c   0x0800185c   0x00000018   Code   RO         2059    i.vListInsertEnd    list.o
    0x08001874   0x08001874   0x00000024   Code   RO         2177    i.vPortEnterCritical  port.o
    0x08001898   0x08001898   0x00000020   Code   RO         2178    i.vPortExitCritical  port.o
    0x080018b8   0x080018b8   0x00000058   Code   RO         2109    i.vPortFree         heap_4.o
    0x08001910   0x08001910   0x00000028   Code   RO         2179    i.vPortSetupTimerInterrupt  port.o
    0x08001938   0x08001938   0x00000014   Code   RO         2269    i.vQueueDelete      queue.o
    0x0800194c   0x0800194c   0x0000004a   Code   RO         2271    i.vQueueWaitForMessageRestricted  queue.o
    0x08001996   0x08001996   0x00000002   PAD
    0x08001998   0x08001998   0x00000018   Code   RO         2519    i.vTaskInternalSetTimeOutState  tasks.o
    0x080019b0   0x080019b0   0x0000000c   Code   RO         2520    i.vTaskMissedYield  tasks.o
    0x080019bc   0x080019bc   0x00000020   Code   RO         2522    i.vTaskPlaceOnEventList  tasks.o
    0x080019dc   0x080019dc   0x00000028   Code   RO         2523    i.vTaskPlaceOnEventListRestricted  tasks.o
    0x08001a04   0x08001a04   0x0000008c   Code   RO         2525    i.vTaskPriorityDisinheritAfterTimeout  tasks.o
    0x08001a90   0x08001a90   0x00000094   Code   RO         2531    i.vTaskStartScheduler  tasks.o
    0x08001b24   0x08001b24   0x00000010   Code   RO         2533    i.vTaskSuspendAll   tasks.o
    0x08001b34   0x08001b34   0x000000b0   Code   RO         2534    i.vTaskSwitchContext  tasks.o
    0x08001be4   0x08001be4   0x00000048   Code   RO         2180    i.xPortStartScheduler  port.o
    0x08001c2c   0x08001c2c   0x00000034   Code   RO         2181    i.xPortSysTickHandler  port.o
    0x08001c60   0x08001c60   0x00000022   Code   RO         2274    i.xQueueCreateMutex  queue.o
    0x08001c82   0x08001c82   0x0000002a   Code   RO         2275    i.xQueueCreateMutexStatic  queue.o
    0x08001cac   0x08001cac   0x0000003a   Code   RO         2276    i.xQueueGenericCreate  queue.o
    0x08001ce6   0x08001ce6   0x0000002e   Code   RO         2277    i.xQueueGenericCreateStatic  queue.o
    0x08001d14   0x08001d14   0x00000080   Code   RO         2278    i.xQueueGenericReset  queue.o
    0x08001d94   0x08001d94   0x00000118   Code   RO         2279    i.xQueueGenericSend  queue.o
    0x08001eac   0x08001eac   0x0000008a   Code   RO         2280    i.xQueueGenericSendFromISR  queue.o
    0x08001f36   0x08001f36   0x00000002   PAD
    0x08001f38   0x08001f38   0x00000104   Code   RO         2289    i.xQueueReceive     queue.o
    0x0800203c   0x0800203c   0x00000130   Code   RO         2291    i.xQueueSemaphoreTake  queue.o
    0x0800216c   0x0800216c   0x0000005c   Code   RO         2536    i.xTaskCheckForTimeOut  tasks.o
    0x080021c8   0x080021c8   0x00000064   Code   RO         2537    i.xTaskCreate       tasks.o
    0x0800222c   0x0800222c   0x0000004e   Code   RO         2538    i.xTaskCreateStatic  tasks.o
    0x0800227a   0x0800227a   0x00000002   PAD
    0x0800227c   0x0800227c   0x00000020   Code   RO         2542    i.xTaskGetSchedulerState  tasks.o
    0x0800229c   0x0800229c   0x0000000c   Code   RO         2543    i.xTaskGetTickCount  tasks.o
    0x080022a8   0x080022a8   0x00000128   Code   RO         2545    i.xTaskIncrementTick  tasks.o
    0x080023d0   0x080023d0   0x00000060   Code   RO         2548    i.xTaskPriorityDisinherit  tasks.o
    0x08002430   0x08002430   0x000000a4   Code   RO         2549    i.xTaskPriorityInherit  tasks.o
    0x080024d4   0x080024d4   0x00000080   Code   RO         2550    i.xTaskRemoveFromEventList  tasks.o
    0x08002554   0x08002554   0x000000e8   Code   RO         2551    i.xTaskResumeAll    tasks.o
    0x0800263c   0x0800263c   0x00000060   Code   RO         2908    i.xTimerCreateTimerTask  timers.o
    0x0800269c   0x0800269c   0x0000006c   Code   RO         2909    i.xTimerGenericCommand  timers.o
    0x08002708   0x08002708   0x0000000a   Code   RO         3185    x$fpl$fpinit        fz_wm.l(fpinit.o)
    0x08002712   0x08002712   0x00000004   Data   RO          212    .constdata          bsp.o
    0x08002716   0x08002716   0x00000002   Data   RO          375    .constdata          freeact.o
    0x08002718   0x08002718   0x00000020   Data   RO         3241    Region$$Table       anon$$obj.o


    Execution Region RW_IRAM1 (Exec base: 0x20000000, Load base: 0x08002738, Size: 0x00003980, Max: 0x00020000, ABSOLUTE)

    Exec Addr    Load Addr    Size         Type   Attr      Idx    E Section Name        Object

    0x20000000   0x08002738   0x00000004   Data   RW            8    .data               main.o
    0x20000004   0x0800273c   0x00000008   Data   RW          213    .data               bsp.o
    0x2000000c   0x08002744   0x00000004   Data   RW          376    .data               freeact.o
    0x20000010   0x08002748   0x00000001   Data   RW          448    .data               clib_arm.o
    0x20000011   0x08002749   0x00000003   PAD
    0x20000014   0x0800274c   0x00000004   Data   RW         1153    .data               system_stm32f4xx.o
    0x20000018   0x08002750   0x00000020   Data   RW         2115    .data               heap_4.o
    0x20000038   0x08002770   0x00000004   Data   RW         2182    .data               port.o
    0x2000003c   0x08002774   0x0000003c   Data   RW         2554    .data               tasks.o
    0x20000078   0x080027b0   0x00000014   Data   RW         2917    .data               timers.o
    0x2000008c        -       0x000002f4   Zero   RW            7    .bss                main.o
    0x20000380        -       0x0000025c   Zero   RW          211    .bss                bsp.o
    0x200005dc        -       0x00000028   Zero   RW          374    .bss                freeact.o
    0x20000604        -       0x00000394   Zero   RW          447    .bss                clib_arm.o
    0x20000998        -       0x000003f8   Zero   RW          589    .bss                cmsis_os2.o
    0x20000d90        -       0x00002000   Zero   RW         2114    .bss                heap_4.o
    0x20002d90        -       0x000004c4   Zero   RW         2553    .bss                tasks.o
    0x20003254        -       0x000000c8   Zero   RW         2916    .bss                timers.o
    0x2000331c        -       0x00000060   Zero   RW         3115    .bss                c_w.l(libspace.o)
    0x2000337c   0x080027c4   0x00000004   PAD
    0x20003380        -       0x00000200   Zero   RW         1141    HEAP                startup_stm32f407xx.o
    0x20003580        -       0x00000400   Zero   RW         1140    STACK               startup_stm32f407xx.o


==============================================================================

Image component sizes


      Code (inc. data)   RO Data    RW Data    ZI Data      Debug   Object Name

       384         80          4          8        604      37751   bsp.o
       232         20          0          1        916       7732   clib_arm.o
        46         10          0          0       1016      25811   cmsis_os2.o
         0          0          0          0          0      11412   event_groups.o
       270         32          2          4         40       5451   freeact.o
       540         74          0         32       8192       4303   heap_4.o
       308         22          0          0          0       1504   leds.o
       148          0          0          0          0      12562   list.o
       212         20          0          4        756     592369   main.o
       488         56          0          4          0       9780   port.o
      1826         18          0          0          0      19838   queue.o
        64         26        392          0       1536        904   startup_stm32f407xx.o
       540         46          0          0          0       3307   stm32f4xx_hal_gpio.o
       100         18          0          4          0       1599   system_stm32f4xx.o
      2624        366          0         60       1220      40062   tasks.o
      1106        114          0         20        200      12215   timers.o

    ----------------------------------------------------------------------
      8910        902        430        140      14480     786600   Object Totals
         0          0         32          0          0          0   (incl. Generated)
        22          0          0          3          0          0   (incl. Padding)

    ----------------------------------------------------------------------

      Code (inc. data)   RO Data    RW Data    ZI Data      Debug   Library Member Name

         8          0          0          0          0         68   __main.o
         0          0          0          0          0          0   __rtentry.o
        20          0          0          0          0          0   __rtentry2.o
         6          0          0          0          0          0   __rtentry4.o
        52          8          0          0          0          0   __scatter.o
        26          0          0          0          0          0   __scatter_copy.o
        28          0          0          0          0          0   __scatter_zi.o
        16          0          0          0          0         68   aeabi_memset.o
        18          0          0          0          0         80   exit.o
         6          0          0          0          0        152   heapauxi.o
         0          0          0          0          0          0   indicate_semi.o
         2          0          0          0          0          0   libinit.o
         6          0          0          0          0          0   libinit2.o
         2          0          0          0          0          0   libshutdown.o
         2          0          0          0          0          0   libshutdown2.o
         8          4          0          0         96         68   libspace.o
        68          0          0          0          0         68   rt_memclr.o
        78          0          0          0          0         80   rt_memclr_w.o
       138          0          0          0          0         68   rt_memcpy_v6.o
       100          0          0          0          0         80   rt_memcpy_w.o
         2          0          0          0          0          0   rtexit.o
        10          0          0          0          0          0   rtexit2.o
        12          4          0          0          0         68   sys_exit.o
        74          0          0          0          0         80   sys_stackheap_outer.o
         2          0          0          0          0         68   use_no_semi.o
        10          0          0          0          0        116   fpinit.o

    ----------------------------------------------------------------------
       700         16          0          0        100       1064   Library Totals
         6          0          0          0          4          0   (incl. Padding)

    ----------------------------------------------------------------------

      Code (inc. data)   RO Data    RW Data    ZI Data      Debug   Library Name

       684         16          0          0         96        948   c_w.l
        10          0          0          0          0        116   fz_wm.l

    ----------------------------------------------------------------------
       700         16          0          0        100       1064   Library Totals

    ----------------------------------------------------------------------

==============================================================================


      Code (inc. data)   RO Data    RW Data    ZI Data      Debug   

      9610        918        430        140      14580     776848   Grand Totals
      9610        918        430        140      14580     776848   ELF Image Totals
      9610        918        430        140          0          0   ROM Totals

==============================================================================

    Total RO  Size (Code + RO Data)                10040 (   9.80kB)
    Total RW  Size (RW Data + ZI Data)             14720 (  14.38kB)
    Total ROM Size (Code + RO Data + RW Data)      10180 (   9.94kB)

==============================================================================

